Component: ARM Compiler 5.06 update 1 (build 61) Tool: armlink [4d35a8]

==============================================================================

Section Cross References

    main.o(.text) refers to _printf_percent.o(.ARM.Collect$$_printf_percent$$00000000) for _printf_percent
    main.o(.text) refers to _printf_d.o(.ARM.Collect$$_printf_percent$$00000009) for _printf_d
    main.o(.text) refers to _printf_dec.o(.text) for _printf_int_dec
    main.o(.text) refers to _printf_s.o(.ARM.Collect$$_printf_percent$$00000014) for _printf_s
    main.o(.text) refers to _printf_str.o(.text) for _printf_str
    main.o(.text) refers to noretval__2printf.o(.text) for __2printf
    main.o(.text) refers to ff.o(.text) for f_lseek
    main.o(.text) refers to stm32f10x_gpio.o(.text) for GPIO_Init
    main.o(.text) refers to stm32f10x_tim.o(.text) for TIM_ClearITPendingBit
    main.o(.text) refers to stm32f10x_rcc.o(.text) for RCC_APB2PeriphClockCmd
    main.o(.text) refers to strlen.o(.text) for strlen
    main.o(.text) refers to noretval__2sprintf.o(.text) for __2sprintf
    main.o(.text) refers to usart.o(.text) for uart_init
    main.o(.text) refers to spi_sd_driver.o(.text) for SDCard_SpiInit
    main.o(.text) refers to delay.o(.text) for delay_ms
    main.o(.text) refers to oled.o(.text) for OLED_Init
    main.o(.text) refers to system_stm32f10x.o(.text) for SystemInit
    main.o(.text) refers to sys.o(.text) for NVIC_Configuration
    main.o(.text) refers to main.o(.data) for file_byte
    main.o(.text) refers to main.o(.bss) for fsrc
    main.o(.text) refers to stm32f10x_it.o(.data) for k_1
    stm32f10x_it.o(.text) refers to stm32f10x_tim.o(.text) for TIM_ClearITPendingBit
    stm32f10x_it.o(.text) refers to oled.o(.text) for OLED_DrawBMP
    stm32f10x_it.o(.text) refers to stm32f10x_gpio.o(.text) for GPIO_ReadInputDataBit
    stm32f10x_it.o(.text) refers to stm32f10x_it.o(.data) for k
    stm32f10x_it.o(.text) refers to main.o(.bss) for G_Bin1
    system_stm32f10x.o(.text) refers to system_stm32f10x.o(.data) for SystemCoreClock
    oled.o(.text) refers to stm32f10x_gpio.o(.text) for GPIO_SetBits
    oled.o(.text) refers to stm32f10x_rcc.o(.text) for RCC_APB2PeriphClockCmd
    oled.o(.text) refers to delay.o(.text) for delay_ms
    oled.o(.text) refers to oled.o(.constdata) for F8X16
    oled.o(.text) refers to oled.o(.data) for Hzk
    delay.o(.text) refers to misc.o(.text) for SysTick_CLKSourceConfig
    delay.o(.text) refers to system_stm32f10x.o(.data) for SystemCoreClock
    delay.o(.text) refers to delay.o(.data) for fac_us
    sys.o(.text) refers to misc.o(.text) for NVIC_PriorityGroupConfig
    usart.o(.text) refers (Special) to use_no_semi_2.o(.text) for __use_no_semihosting
    usart.o(.text) refers to _printf_percent.o(.ARM.Collect$$_printf_percent$$00000000) for _printf_percent
    usart.o(.text) refers to _printf_c.o(.ARM.Collect$$_printf_percent$$00000013) for _printf_c
    usart.o(.text) refers to _printf_str.o(.text) for _printf_str
    usart.o(.text) refers to stm32f10x_rcc.o(.text) for RCC_APB2PeriphClockCmd
    usart.o(.text) refers to stm32f10x_gpio.o(.text) for GPIO_Init
    usart.o(.text) refers to misc.o(.text) for NVIC_Init
    usart.o(.text) refers to stm32f10x_usart.o(.text) for USART_Init
    usart.o(.text) refers to noretval__2printf.o(.text) for __2printf
    usart.o(.text) refers to usart.o(.data) for USART_RX_STA
    usart.o(.text) refers to usart.o(.bss) for USART_RX_BUF
    usart.o(.bss) refers (Special) to use_no_semi_2.o(.text) for __use_no_semihosting
    usart.o(.data) refers (Special) to use_no_semi_2.o(.text) for __use_no_semihosting
    startup_stm32f10x_hd.o(STACK) refers (Special) to heapauxi.o(.text) for __use_two_region_memory
    startup_stm32f10x_hd.o(HEAP) refers (Special) to heapauxi.o(.text) for __use_two_region_memory
    startup_stm32f10x_hd.o(RESET) refers (Special) to heapauxi.o(.text) for __use_two_region_memory
    startup_stm32f10x_hd.o(RESET) refers to startup_stm32f10x_hd.o(STACK) for __initial_sp
    startup_stm32f10x_hd.o(RESET) refers to startup_stm32f10x_hd.o(.text) for Reset_Handler
    startup_stm32f10x_hd.o(RESET) refers to stm32f10x_it.o(.text) for NMI_Handler
    startup_stm32f10x_hd.o(RESET) refers to usart.o(.text) for USART1_IRQHandler
    startup_stm32f10x_hd.o(.text) refers (Special) to heapauxi.o(.text) for __use_two_region_memory
    startup_stm32f10x_hd.o(.text) refers to system_stm32f10x.o(.text) for SystemInit
    startup_stm32f10x_hd.o(.text) refers to __main.o(!!!main) for __main
    startup_stm32f10x_hd.o(.text) refers to startup_stm32f10x_hd.o(HEAP) for Heap_Mem
    startup_stm32f10x_hd.o(.text) refers to startup_stm32f10x_hd.o(STACK) for Stack_Mem
    stm32f10x_gpio.o(.text) refers to stm32f10x_rcc.o(.text) for RCC_APB2PeriphResetCmd
    stm32f10x_rcc.o(.text) refers to stm32f10x_rcc.o(.data) for APBAHBPrescTable
    stm32f10x_usart.o(.text) refers to stm32f10x_rcc.o(.text) for RCC_APB2PeriphResetCmd
[...]
    libshutdown.o(.ARM.Collect$$libshutdown$$00000000) refers (Special) to libshutdown2.o(.ARM.Collect$$libshutdown$$0000000A) for __rt_lib_shutdown_signal_1
    libshutdown.o(.ARM.Collect$$libshutdown$$00000000) refers (Special) to libshutdown2.o(.ARM.Collect$$libshutdown$$00000004) for __rt_lib_shutdown_stdio_1
    libshutdown.o(.ARM.Collect$$libshutdown$$00000000) refers (Special) to libshutdown2.o(.ARM.Collect$$libshutdown$$0000000C) for __rt_lib_shutdown_user_alloc_1
    sys_command.o(.text) refers (Special) to use_no_semi.o(.text) for __I$use$semihosting
    sys_command.o(.text) refers (Special) to indicate_semi.o(.text) for __semihosting_library_function
    defsig_rtmem_outer.o(.text) refers to defsig_rtmem_inner.o(.text) for __rt_SIGRTMEM_inner
    defsig_rtmem_outer.o(.text) refers to defsig_exit.o(.text) for __sig_exit
    defsig_rtmem_formal.o(.text) refers to rt_raise.o(.text) for __rt_raise
    rt_raise.o(.text) refers to __raise.o(.text) for __raise
    rt_raise.o(.text) refers to usart.o(.text) for _sys_exit
    defsig_exit.o(.text) refers to usart.o(.text) for _sys_exit
    defsig_rtmem_inner.o(.text) refers to defsig_general.o(.text) for __default_signal_display
    __raise.o(.text) refers to defsig.o(CL$$defsig) for __default_signal_handler
    defsig_general.o(.text) refers to sys_wrch.o(.text) for _ttywrch
    sys_wrch.o(.text) refers (Special) to use_no_semi.o(.text) for __I$use$semihosting
    sys_wrch.o(.text) refers (Special) to indicate_semi.o(.text) for __semihosting_library_function
    defsig.o(CL$$defsig) refers to defsig_rtmem_inner.o(.text) for __rt_SIGRTMEM_inner
    defsig_abrt_inner.o(.text) refers to defsig_general.o(.text) for __default_signal_display
    defsig_fpe_inner.o(.text) refers to defsig_general.o(.text) for __default_signal_display
    defsig_rtred_inner.o(.text) refers to defsig_general.o(.text) for __default_signal_display
    defsig_stak_inner.o(.text) refers to defsig_general.o(.text) for __default_signal_display
    defsig_pvfn_inner.o(.text) refers to defsig_general.o(.text) for __default_signal_display
    defsig_cppl_inner.o(.text) refers to defsig_general.o(.text) for __default_signal_display
    defsig_segv_inner.o(.text) refers to defsig_general.o(.text) for __default_signal_display
    defsig_other.o(.text) refers to defsig_general.o(.text) for __default_signal_display


==============================================================================

Removing Unused input sections from the image.

    Removing core_cm3.o(.emb_text), (32 bytes).
    Removing stm32f10x_rtc.o(.text), (328 bytes).
    Removing stm32f10x_bkp.o(.text), (196 bytes).
    Removing stm32f10x_flash.o(.text), (1468 bytes).
    Removing stm32f10x_dma.o(.text), (596 bytes).
    Removing stm32f10x_exti.o(.text), (284 bytes).
    Removing test_fatfs.o(.text), (1874 bytes).
    Removing test_fatfs.o(.conststring), (160 bytes).
    Removing spi1.o(.text), (128 bytes).

9 unused section(s) (total 5066 bytes) removed from the image.

==============================================================================

Image Symbol Table

    Local Symbols

    Symbol Name                              Value     Ov Type        Size  Object(Section)

    ../clib/angel/boardlib.s                 0x00000000   Number         0  boardinit1.o ABSOLUTE
    ../clib/angel/boardlib.s                 0x00000000   Number         0  boardinit2.o ABSOLUTE
    ../clib/angel/boardlib.s                 0x00000000   Number         0  boardinit3.o ABSOLUTE
    ../clib/angel/boardlib.s                 0x00000000   Number         0  boardshut.o ABSOLUTE
    ../clib/angel/dczerorl2.s                0x00000000   Number         0  __dczerorl2.o ABSOLUTE
    ../clib/angel/handlers.s                 0x00000000   Number         0  __scatter_zi.o ABSOLUTE
    ../clib/angel/kernel.s                   0x00000000   Number         0  __rtentry2.o ABSOLUTE
    ../clib/angel/kernel.s                   0x00000000   Number         0  __rtentry.o ABSOLUTE
    ../clib/angel/kernel.s                   0x00000000   Number         0  __rtentry4.o ABSOLUTE
    ../clib/angel/kernel.s                   0x00000000   Number         0  rtexit.o ABSOLUTE
    ../clib/angel/kernel.s                   0x00000000   Number         0  rtexit2.o ABSOLUTE
    ../clib/angel/rt.s                       0x00000000   Number         0  rt_raise.o ABSOLUTE
    ../clib/angel/scatter.s                  0x00000000   Number         0  __scatter.o ABSOLUTE
    ../clib/angel/startup.s                  0x00000000   Number         0  __main.o ABSOLUTE
    ../clib/angel/sys.s                      0x00000000   Number         0  use_no_semi.o ABSOLUTE
    ../clib/angel/sys.s                      0x00000000   Number         0  sys_stackheap_outer.o ABSOLUTE
    ../clib/angel/sys.s                      0x00000000   Number         0  indicate_semi.o ABSOLUTE
    ../clib/angel/sys.s                      0x00000000   Number         0  libspace.o ABSOLUTE
    ../clib/angel/sys.s                      0x00000000   Number         0  use_no_semi_2.o ABSOLUTE
    ../clib/angel/sysapp.c                   0x00000000   Number         0  sys_wrch.o ABSOLUTE
    ../clib/angel/sysapp.c                   0x00000000   Number         0  sys_command.o ABSOLUTE
    ../clib/armsys.c                         0x00000000   Number         0  argv_veneer.o ABSOLUTE
    ../clib/armsys.c                         0x00000000   Number         0  argv_veneer.o ABSOLUTE
    ../clib/armsys.c                         0x00000000   Number         0  _get_argv_nomalloc.o ABSOLUTE
    ../clib/armsys.c                         0x00000000   Number         0  no_argv.o ABSOLUTE
    ../clib/heapalloc.c                      0x00000000   Number         0  hrguard.o ABSOLUTE
    ../clib/heapaux.c                        0x00000000   Number         0  heapauxi.o ABSOLUTE
    ../clib/libinit.s                        0x00000000   Number         0  libinit.o ABSOLUTE
    ../clib/libinit.s                        0x00000000   Number         0  libshutdown.o ABSOLUTE
    ../clib/libinit.s                        0x00000000   Number         0  libshutdown2.o ABSOLUTE
    ../clib/libinit.s                        0x00000000   Number         0  libinit2.o ABSOLUTE
    ../clib/misc.s                           0x00000000   Number         0  printf_stubs.o ABSOLUTE
    ../clib/printf.c                         0x00000000   Number         0  _printf_dec.o ABSOLUTE
    ../clib/printf.c                         0x00000000   Number         0  __printf_wp.o ABSOLUTE
    ../clib/printf.c                         0x00000000   Number         0  __printf_flags.o ABSOLUTE
    ../clib/printf.c                         0x00000000   Number         0  __printf_ss.o ABSOLUTE
    ../clib/printf.c                         0x00000000   Number         0  __printf_flags_ss.o ABSOLUTE
    ../clib/printf.c                         0x00000000   Number         0  __printf_flags_wp.o ABSOLUTE
    ../clib/printf.c                         0x00000000   Number         0  __printf_ss_wp.o ABSOLUTE
    ../clib/printf.c                         0x00000000   Number         0  __2printf.o ABSOLUTE
    ../clib/printf.c                         0x00000000   Number         0  __printf_flags_ss_wp.o ABSOLUTE
    ../clib/printf.c                         0x00000000   Number         0  __printf_nopercent.o ABSOLUTE
    ../clib/printf.c                         0x00000000   Number         0  _printf_char_file.o ABSOLUTE
    ../clib/printf.c                         0x00000000   Number         0  _printf_char.o ABSOLUTE
    ../clib/printf.c                         0x00000000   Number         0  _sputc.o ABSOLUTE
    ../clib/printf.c                         0x00000000   Number         0  _printf_char_common.o ABSOLUTE
    ../clib/printf.c                         0x00000000   Number         0  _printf_intcommon.o ABSOLUTE
    ../clib/printf.c                         0x00000000   Number         0  __2sprintf.o ABSOLUTE
    ../clib/printf.c                         0x00000000   Number         0  noretval__2printf.o ABSOLUTE
    ../clib/printf.c                         0x00000000   Number         0  noretval__2sprintf.o ABSOLUTE
    ../clib/printf.c                         0x00000000   Number         0  __printf.o ABSOLUTE
    ../clib/printf.c                         0x00000000   Number         0  _printf_pad.o ABSOLUTE
    ../clib/printf.c                         0x00000000   Number         0  _printf_str.o ABSOLUTE
    ../clib/printf_percent.s                 0x00000000   Number         0  _printf_s.o ABSOLUTE
    ../clib/printf_percent.s                 0x00000000   Number         0  _printf_percent.o ABSOLUTE
    ../clib/printf_percent.s                 0x00000000   Number         0  _printf_d.o ABSOLUTE
    ../clib/printf_percent.s                 0x00000000   Number         0  _printf_c.o ABSOLUTE
    ../clib/printf_percent.s                 0x00000000   Number         0  _printf_percent_end.o ABSOLUTE
    ../clib/signal.c                         0x00000000   Number         0  defsig_rtmem_outer.o ABSOLUTE
    ../clib/signal.c                         0x00000000   Number         0  defsig_rtmem_formal.o ABSOLUTE
    ../clib/signal.c                         0x00000000   Number         0  defsig_cppl_inner.o ABSOLUTE
    ../clib/signal.c                         0x00000000   Number         0  defsig_other.o ABSOLUTE
    ../clib/signal.c                         0x00000000   Number         0  defsig_segv_inner.o ABSOLUTE
    ../clib/signal.c                         0x00000000   Number         0  defsig_rtmem_inner.o ABSOLUTE
    ../clib/signal.c                         0x00000000   Number         0  defsig_pvfn_inner.o ABSOLUTE
    ../clib/signal.c                         0x00000000   Number         0  defsig_stak_inner.o ABSOLUTE
    ../clib/signal.c                         0x00000000   Number         0  defsig_rtred_inner.o ABSOLUTE
    ../clib/signal.c                         0x00000000   Number         0  defsig_fpe_inner.o ABSOLUTE
    ../clib/signal.c                         0x00000000   Number         0  defsig_abrt_inner.o ABSOLUTE
    ../clib/signal.c                         0x00000000   Number         0  __raise.o ABSOLUTE
    ../clib/signal.c                         0x00000000   Number         0  defsig_general.o ABSOLUTE
    ../clib/signal.c                         0x00000000   Number         0  defsig_exit.o ABSOLUTE
    ../clib/signal.s                         0x00000000   Number         0  defsig.o ABSOLUTE
    ../clib/stdio.c                          0x00000000   Number         0  ferror_locked.o ABSOLUTE
    ../clib/stdio.c                          0x00000000   Number         0  ferror.o ABSOLUTE
    ../clib/stdlib.c                         0x00000000   Number         0  exit.o ABSOLUTE
    ../clib/string.c                         0x00000000   Number         0  strcpy.o ABSOLUTE
    ../clib/string.c                         0x00000000   Number         0  strlen.o ABSOLUTE
    ../fplib/fpinit.s                        0x00000000   Number         0  fpinit.o ABSOLUTE
    ..\CORE\core_cm3.c                       0x00000000   Number         0  core_cm3.o ABSOLUTE
    ..\CORE\startup_stm32f10x_hd.s           0x00000000   Number         0  startup_stm32f10x_hd.o ABSOLUTE
    ..\HARDWARE\OLED\oled.c                  0x00000000   Number         0  oled.o ABSOLUTE
    ..\STM32F10x_FWLib\src\misc.c            0x00000000   Number         0  misc.o ABSOLUTE
    ..\STM32F10x_FWLib\src\stm32f10x_bkp.c   0x00000000   Number         0  stm32f10x_bkp.o ABSOLUTE
    ..\STM32F10x_FWLib\src\stm32f10x_dma.c   0x00000000   Number         0  stm32f10x_dma.o ABSOLUTE
    ..\STM32F10x_FWLib\src\stm32f10x_exti.c  0x00000000   Number         0  stm32f10x_exti.o ABSOLUTE
    ..\STM32F10x_FWLib\src\stm32f10x_flash.c 0x00000000   Number         0  stm32f10x_flash.o ABSOLUTE
    ..\STM32F10x_FWLib\src\stm32f10x_gpio.c  0x00000000   Number         0  stm32f10x_gpio.o ABSOLUTE
    ..\STM32F10x_FWLib\src\stm32f10x_rcc.c   0x00000000   Number         0  stm32f10x_rcc.o ABSOLUTE
    ..\STM32F10x_FWLib\src\stm32f10x_rtc.c   0x00000000   Number         0  stm32f10x_rtc.o ABSOLUTE
    ..\STM32F10x_FWLib\src\stm32f10x_spi.c   0x00000000   Number         0  stm32f10x_spi.o ABSOLUTE
    ..\STM32F10x_FWLib\src\stm32f10x_tim.c   0x00000000   Number         0  stm32f10x_tim.o ABSOLUTE
    ..\STM32F10x_FWLib\src\stm32f10x_usart.c 0x00000000   Number         0  stm32f10x_usart.o ABSOLUTE
    ..\SYSTEM\delay\delay.c                  0x00000000   Number         0  delay.o ABSOLUTE
    ..\SYSTEM\sys\sys.c                      0x00000000   Number         0  sys.o ABSOLUTE
    ..\SYSTEM\usart\usart.c                  0x00000000   Number         0  usart.o ABSOLUTE
    ..\\CORE\\core_cm3.c                     0x00000000   Number         0  core_cm3.o ABSOLUTE
    FATFS\TEST_FATFS.c                       0x00000000   Number         0  test_fatfs.o ABSOLUTE
    FATFS\diskio.c                           0x00000000   Number         0  diskio.o ABSOLUTE
    FATFS\ff.c                               0x00000000   Number         0  ff.o ABSOLUTE
    SDCard\Spi_SD_Driver.c                   0x00000000   Number         0  spi_sd_driver.o ABSOLUTE
    SPI\SPI1.C                               0x00000000   Number         0  spi1.o ABSOLUTE
    dc.s                                     0x00000000   Number         0  dc.o ABSOLUTE
    main.c                                   0x00000000   Number         0  main.o ABSOLUTE
    stm32f10x_it.c                           0x00000000   Number         0  stm32f10x_it.o ABSOLUTE
    system_stm32f10x.c                       0x00000000   Number         0  system_stm32f10x.o ABSOLUTE
    RESET                                    0x08000000   Section      304  startup_stm32f10x_hd.o(RESET)
    !!!main                                  0x08000130   Section        8  __main.o(!!!main)
    !!!scatter                               0x08000138   Section       52  __scatter.o(!!!scatter)
    !!dczerorl2                              0x0800016c   Section       90  __dczerorl2.o(!!dczerorl2)
    !!handler_zi                             0x080001c8   Section       28  __scatter_zi.o(!!handler_zi)
    .ARM.Collect$$_printf_percent$$00000000  0x080001e4   Section        0  _printf_percent.o(.ARM.Collect$$_printf_percent$$00000000)
    .ARM.Collect$$_printf_percent$$00000009  0x080001e4   Section        6  _printf_d.o(.ARM.Collect$$_printf_percent$$00000009)
    .ARM.Collect$$_printf_percent$$00000013  0x080001ea   Section        6  _printf_c.o(.ARM.Collect$$_printf_percent$$00000013)
    .ARM.Collect$$_printf_percent$$00000014  0x080001f0   Section        6  _printf_s.o(.ARM.Collect$$_printf_percent$$00000014)
    .ARM.Collect$$_printf_percent$$00000017  0x080001f6   Section        4  _printf_percent_end.o(.ARM.Collect$$_printf_percent$$00000017)
    .ARM.Collect$$libinit$$00000000          0x080001fa   Section        2  libinit.o(.ARM.Collect$$libinit$$00000000)
    .ARM.Collect$$libinit$$00000002          0x080001fc   Section        0  libinit2.o(.ARM.Collect$$libinit$$00000002)
    .ARM.Collect$$libinit$$00000004          0x080001fc   Section        0  libinit2.o(.ARM.Collect$$libinit$$00000004)
    .ARM.Collect$$libinit$$0000000A          0x080001fc   Section        0  libinit2.o(.ARM.Collect$$libinit$$0000000A)
    .ARM.Collect$$libinit$$0000000C          0x080001fc   Section        0  libinit2.o(.ARM.Collect$$libinit$$0000000C)
    .ARM.Collect$$libinit$$0000000E          0x080001fc   Section        0  libinit2.o(.ARM.Collect$$libinit$$0000000E)
    .ARM.Collect$$libinit$$00000011          0x080001fc   Section        0  libinit2.o(.ARM.Collect$$libinit$$00000011)
    .ARM.Collect$$libinit$$00000013          0x080001fc   Section        0  libinit2.o(.ARM.Collect$$libinit$$00000013)
    .ARM.Collect$$libinit$$00000015          0x080001fc   Section        0  libinit2.o(.ARM.Collect$$libinit$$00000015)
    .ARM.Collect$$libinit$$00000017          0x080001fc   Section        0  libinit2.o(.ARM.Collect$$libinit$$00000017)
    .ARM.Collect$$libinit$$00000019          0x080001fc   Section        0  libinit2.o(.ARM.Collect$$libinit$$00000019)
    .ARM.Collect$$libinit$$0000001B          0x080001fc   Section        0  libinit2.o(.ARM.Collect$$libinit$$0000001B)
    .ARM.Collect$$libinit$$0000001D          0x080001fc   Section        0  libinit2.o(.ARM.Collect$$libinit$$0000001D)
    .ARM.Collect$$libinit$$0000001F          0x080001fc   Section        0  libinit2.o(.ARM.Collect$$libinit$$0000001F)
    .ARM.Collect$$libinit$$00000021          0x080001fc   Section        0  libinit2.o(.ARM.Collect$$libinit$$00000021)
    .ARM.Collect$$libinit$$00000023          0x080001fc   Section        0  libinit2.o(.ARM.Collect$$libinit$$00000023)
    .ARM.Collect$$libinit$$00000025          0x080001fc   Section        0  libinit2.o(.ARM.Collect$$libinit$$00000025)
    .ARM.Collect$$libinit$$0000002C          0x080001fc   Section        0  libinit2.o(.ARM.Collect$$libinit$$0000002C)
    .ARM.Collect$$libinit$$0000002E          0x080001fc   Section        0  libinit2.o(.ARM.Collect$$libinit$$0000002E)
    .ARM.Collect$$libinit$$00000030          0x080001fc   Section        0  libinit2.o(.ARM.Collect$$libinit$$00000030)
    .ARM.Collect$$libinit$$00000032          0x080001fc   Section        0  libinit2.o(.ARM.Collect$$libinit$$00000032)
    .ARM.Collect$$libinit$$00000033          0x080001fc   Section        2  libinit2.o(.ARM.Collect$$libinit$$00000033)
    .ARM.Collect$$libshutdown$$00000000      0x080001fe   Section        2  libshutdown.o(.ARM.Collect$$libshutdown$$00000000)
    .ARM.Collect$$libshutdown$$00000002      0x08000200   Section        0  libshutdown2.o(.ARM.Collect$$libshutdown$$00000002)
    .ARM.Collect$$libshutdown$$00000004      0x08000200   Section        0  libshutdown2.o(.ARM.Collect$$libshutdown$$00000004)
    .ARM.Collect$$libshutdown$$00000007      0x08000200   Section        0  libshutdown2.o(.ARM.Collect$$libshutdown$$00000007)
    .ARM.Collect$$libshutdown$$0000000A      0x08000200   Section        0  libshutdown2.o(.ARM.Collect$$libshutdown$$0000000A)
    .ARM.Collect$$libshutdown$$0000000C      0x08000200   Section        0  libshutdown2.o(.ARM.Collect$$libshutdown$$0000000C)
    .ARM.Collect$$libshutdown$$0000000F      0x08000200   Section        0  libshutdown2.o(.ARM.Collect$$libshutdown$$0000000F)
    .ARM.Collect$$libshutdown$$00000010      0x08000200   Section        2  libshutdown2.o(.ARM.Collect$$libshutdown$$00000010)
    .ARM.Collect$$rtentry$$00000000          0x08000202   Section        0  __rtentry.o(.ARM.Collect$$rtentry$$00000000)
    .ARM.Collect$$rtentry$$00000002          0x08000202   Section        0  __rtentry2.o(.ARM.Collect$$rtentry$$00000002)
    .ARM.Collect$$rtentry$$00000004          0x08000202   Section        6  __rtentry4.o(.ARM.Collect$$rtentry$$00000004)
    .ARM.Collect$$rtentry$$00000009          0x08000208   Section        0  __rtentry2.o(.ARM.Collect$$rtentry$$00000009)
    .ARM.Collect$$rtentry$$0000000A          0x08000208   Section        4  __rtentry2.o(.ARM.Collect$$rtentry$$0000000A)
    .ARM.Collect$$rtentry$$0000000C          0x0800020c   Section        0  __rtentry2.o(.ARM.Collect$$rtentry$$0000000C)
    .ARM.Collect$$rtentry$$0000000D          0x0800020c   Section        8  __rtentry2.o(.ARM.Collect$$rtentry$$0000000D)
    .ARM.Collect$$rtexit$$00000000           0x08000214   Section        2  rtexit.o(.ARM.Collect$$rtexit$$00000000)
    .ARM.Collect$$rtexit$$00000002           0x08000216   Section        0  rtexit2.o(.ARM.Collect$$rtexit$$00000002)
    .ARM.Collect$$rtexit$$00000003           0x08000216   Section        4  rtexit2.o(.ARM.Collect$$rtexit$$00000003)
    .ARM.Collect$$rtexit$$00000004           0x0800021a   Section        6  rtexit2.o(.ARM.Collect$$rtexit$$00000004)
    .text                                    0x08000220   Section        0  main.o(.text)
    .text                                    0x08000730   Section        0  stm32f10x_it.o(.text)
    .text                                    0x080007d8   Section        0  system_stm32f10x.o(.text)
    SetSysClockTo72                          0x080007d9   Thumb Code   214  system_stm32f10x.o(.text)
    SetSysClock                              0x080008af   Thumb Code     8  system_stm32f10x.o(.text)
    .text                                    0x080009b8   Section        0  oled.o(.text)
    .text                                    0x08000e7c   Section        0  delay.o(.text)
    .text                                    0x08000f50   Section        0  sys.o(.text)
    .text                                    0x08000f78   Section        0  usart.o(.text)
    .text                                    0x0800110c   Section       64  startup_stm32f10x_hd.o(.text)
    .text                                    0x0800114c   Section        0  misc.o(.text)
    .text                                    0x08001228   Section        0  stm32f10x_gpio.o(.text)
    .text                                    0x08001584   Section        0  stm32f10x_rcc.o(.text)
    .text                                    0x08001928   Section        0  stm32f10x_usart.o(.text)
    .text                                    0x08001d30   Section        0  stm32f10x_spi.o(.text)
    .text                                    0x0800203c   Section        0  stm32f10x_tim.o(.text)
    TI4_Config                               0x080024e3   Thumb Code   130  stm32f10x_tim.o(.text)
    TI3_Config                               0x08002577   Thumb Code   122  stm32f10x_tim.o(.text)
    TI2_Config                               0x0800260b   Thumb Code   130  stm32f10x_tim.o(.text)
    TI1_Config                               0x0800269f   Thumb Code   108  stm32f10x_tim.o(.text)
    .text                                    0x08002e58   Section        0  diskio.o(.text)
    .text                                    0x08002f94   Section        0  ff.o(.text)
    mem_cpy                                  0x08002f95   Thumb Code    26  ff.o(.text)
    mem_set                                  0x08002faf   Thumb Code    20  ff.o(.text)
    mem_cmp                                  0x08002fc3   Thumb Code    38  ff.o(.text)
    chk_chr                                  0x08002fe9   Thumb Code    20  ff.o(.text)
    move_window                              0x08002ffd   Thumb Code   114  ff.o(.text)
    sync                                     0x0800306f   Thumb Code   202  ff.o(.text)
    remove_chain                             0x0800336d   Thumb Code   104  ff.o(.text)
    create_chain                             0x080033d5   Thumb Code   202  ff.o(.text)
    dir_sdi                                  0x0800349f   Thumb Code   156  ff.o(.text)
    dir_next                                 0x0800353b   Thumb Code   280  ff.o(.text)
    dir_find                                 0x08003653   Thumb Code    92  ff.o(.text)
    dir_read                                 0x080036af   Thumb Code    86  ff.o(.text)
    dir_register                             0x08003705   Thumb Code   110  ff.o(.text)
    dir_remove                               0x08003773   Thumb Code    44  ff.o(.text)
    create_name                              0x0800379f   Thumb Code   336  ff.o(.text)
    get_fileinfo                             0x080038ef   Thumb Code   152  ff.o(.text)
    follow_path                              0x08003987   Thumb Code   158  ff.o(.text)
    check_fs                                 0x08003a25   Thumb Code   138  ff.o(.text)
    chk_mounted                              0x08003aaf   Thumb Code   926  ff.o(.text)
    validate                                 0x08003e4d   Thumb Code    42  ff.o(.text)
    .text                                    0x08005358   Section        0  spi_sd_driver.o(.text)
    .text                                    0x08005af0   Section        2  use_no_semi_2.o(.text)
    .text                                    0x08005af4   Section        0  noretval__2printf.o(.text)
    .text                                    0x08005b0c   Section        0  noretval__2sprintf.o(.text)
    .text                                    0x08005b34   Section        0  _printf_str.o(.text)
    .text                                    0x08005b88   Section        0  _printf_dec.o(.text)
    .text                                    0x08005c00   Section        0  __printf_wp.o(.text)
    .text                                    0x08005d0e   Section        0  strlen.o(.text)
    .text                                    0x08005d4c   Section        0  heapauxi.o(.text)
    .text                                    0x08005d52   Section        2  use_no_semi.o(.text)
    .text                                    0x08005d54   Section        0  _printf_intcommon.o(.text)
    .text                                    0x08005e08   Section        0  _printf_char_common.o(.text)
    _printf_input_char                       0x08005e09   Thumb Code    10  _printf_char_common.o(.text)
    .text                                    0x08005e38   Section        0  _sputc.o(.text)
    .text                                    0x08005e42   Section        0  _printf_char.o(.text)
    .text                                    0x08005e70   Section        0  _printf_char_file.o(.text)
    .text                                    0x08005e94   Section        0  ferror.o(.text)
    .text                                    0x08005e9c   Section       74  sys_stackheap_outer.o(.text)
    .text                                    0x08005ee6   Section        0  exit.o(.text)
    .text                                    0x08005ef8   Section        8  libspace.o(.text)
    i._is_digit                              0x08005f00   Section        0  __printf_wp.o(i._is_digit)
    .constdata                               0x08005f0e   Section     2072  oled.o(.constdata)
    .constdata                               0x08006726   Section       44  ff.o(.constdata)
    vst                                      0x08006726   Data          22  ff.o(.constdata)
    cst                                      0x0800673c   Data          22  ff.o(.constdata)
    .data                                    0x20000000   Section     3252  main.o(.data)
    .data                                    0x20000cb4   Section       12  stm32f10x_it.o(.data)
    .data                                    0x20000cc0   Section       20  system_stm32f10x.o(.data)
    .data                                    0x20000cd4   Section      448  oled.o(.data)
    .data                                    0x20000e94   Section        4  delay.o(.data)
    fac_us                                   0x20000e94   Data           1  delay.o(.data)
    fac_ms                                   0x20000e96   Data           2  delay.o(.data)
    .data                                    0x20000e98   Section        6  usart.o(.data)
    .data                                    0x20000e9e   Section       20  stm32f10x_rcc.o(.data)
    APBAHBPrescTable                         0x20000e9e   Data          16  stm32f10x_rcc.o(.data)
    ADCPrescTable                            0x20000eae   Data           4  stm32f10x_rcc.o(.data)
    .data                                    0x20000eb4   Section        6  ff.o(.data)
    FatFs                                    0x20000eb4   Data           4  ff.o(.data)
    Fsid                                     0x20000eb8   Data           2  ff.o(.data)
    .data                                    0x20000eba   Section        1  spi_sd_driver.o(.data)
    .bss                                     0x20000ebc   Section     3156  main.o(.bss)
    .bss                                     0x20001b10   Section      200  usart.o(.bss)
    .bss                                     0x20001bd8   Section       96  libspace.o(.bss)
    HEAP                                     0x20001c38   Section      512  startup_stm32f10x_hd.o(HEAP)
    Heap_Mem                                 0x20001c38   Data         512  startup_stm32f10x_hd.o(HEAP)
    STACK                                    0x20001e38   Section     1024  startup_stm32f10x_hd.o(STACK)
    Stack_Mem                                0x20001e38   Data        1024  startup_stm32f10x_hd.o(STACK)
    __initial_sp                             0x20002238   Data           0  startup_stm32f10x_hd.o(STACK)

    Global Symbols

    Symbol Name                              Value     Ov Type        Size  Object(Section)

    BuildAttributes$$THM_ISAv4$P$D$K$B$S$PE$A:L22UL41UL21$X:L11$S22US41US21$IEEE1$IW$USESV6$~STKCKD$USESV7$~SHL$OSPACE$ROPI$EBA8$UX$STANDARDLIB$REQ8$PRES8$EABIv2 0x00000000   Number         0  anon$$obj.o ABSOLUTE
    __ARM_use_no_argv                        0x00000000   Number         0  main.o ABSOLUTE
    _printf_flags                            0x00000000   Number         0  printf_stubs.o ABSOLUTE
    _printf_return_value                     0x00000000   Number         0  printf_stubs.o ABSOLUTE
    _printf_sizespec                         0x00000000   Number         0  printf_stubs.o ABSOLUTE
    _printf_widthprec                        0x00000000   Number         0  printf_stubs.o ABSOLUTE
    __ARM_exceptions_init                     - Undefined Weak Reference
    __alloca_initialize                       - Undefined Weak Reference
    __arm_preinit_                            - Undefined Weak Reference
    __cpp_initialize__aeabi_                  - Undefined Weak Reference
    __cxa_finalize                            - Undefined Weak Reference
    __rt_locale                               - Undefined Weak Reference
    __sigvec_lookup                           - Undefined Weak Reference
    _atexit_init                              - Undefined Weak Reference
    _call_atexit_fns                          - Undefined Weak Reference
    _clock_init                               - Undefined Weak Reference
    _fp_trap_init                             - Undefined Weak Reference
    _fp_trap_shutdown                         - Undefined Weak Reference
    _get_lc_collate                           - Undefined Weak Reference
    _get_lc_ctype                             - Undefined Weak Reference
    _get_lc_monetary                          - Undefined Weak Reference
    _get_lc_numeric                           - Undefined Weak Reference
    _get_lc_time                              - Undefined Weak Reference
    _getenv_init                              - Undefined Weak Reference
    _handle_redirection                       - Undefined Weak Reference
    _init_alloc                               - Undefined Weak Reference
    _init_user_alloc                          - Undefined Weak Reference
    _initio                                   - Undefined Weak Reference
    _mutex_acquire                            - Undefined Weak Reference
    _mutex_release                            - Undefined Weak Reference
    _printf_mbtowc                            - Undefined Weak Reference
    _printf_truncate_signed                   - Undefined Weak Reference
    _printf_truncate_unsigned                 - Undefined Weak Reference
    _rand_init                                - Undefined Weak Reference
    _signal_finish                            - Undefined Weak Reference
    _signal_init                              - Undefined Weak Reference
    _terminate_alloc                          - Undefined Weak Reference
    _terminate_user_alloc                     - Undefined Weak Reference
    _terminateio                              - Undefined Weak Reference
    __Vectors_Size                           0x00000130   Number         0  startup_stm32f10x_hd.o ABSOLUTE
    __Vectors                                0x08000000   Data           4  startup_stm32f10x_hd.o(RESET)
    __Vectors_End                            0x08000130   Data           0  startup_stm32f10x_hd.o(RESET)
    __main                                   0x08000131   Thumb Code     8  __main.o(!!!main)
    __scatterload                            0x08000139   Thumb Code     0  __scatter.o(!!!scatter)
    __scatterload_rt2                        0x08000139   Thumb Code    44  __scatter.o(!!!scatter)
    __scatterload_rt2_thumb_only             0x08000139   Thumb Code     0  __scatter.o(!!!scatter)
    __scatterload_null                       0x08000147   Thumb Code     0  __scatter.o(!!!scatter)
    __decompress                             0x0800016d   Thumb Code    90  __dczerorl2.o(!!dczerorl2)
    __decompress1                            0x0800016d   Thumb Code     0  __dczerorl2.o(!!dczerorl2)
    __scatterload_zeroinit                   0x080001c9   Thumb Code    28  __scatter_zi.o(!!handler_zi)
    _printf_d                                0x080001e5   Thumb Code     0  _printf_d.o(.ARM.Collect$$_printf_percent$$00000009)
    _printf_percent                          0x080001e5   Thumb Code     0  _printf_percent.o(.ARM.Collect$$_printf_percent$$00000000)
    _printf_c                                0x080001eb   Thumb Code     0  _printf_c.o(.ARM.Collect$$_printf_percent$$00000013)
    _printf_s                                0x080001f1   Thumb Code     0  _printf_s.o(.ARM.Collect$$_printf_percent$$00000014)
    _printf_percent_end                      0x080001f7   Thumb Code     0  _printf_percent_end.o(.ARM.Collect$$_printf_percent$$00000017)
    __rt_lib_init                            0x080001fb   Thumb Code     0  libinit.o(.ARM.Collect$$libinit$$00000000)
    __rt_lib_init_alloca_1                   0x080001fd   Thumb Code     0  libinit2.o(.ARM.Collect$$libinit$$0000002E)
    __rt_lib_init_argv_1                     0x080001fd   Thumb Code     0  libinit2.o(.ARM.Collect$$libinit$$0000002C)
    __rt_lib_init_atexit_1                   0x080001fd   Thumb Code     0  libinit2.o(.ARM.Collect$$libinit$$0000001B)
    __rt_lib_init_clock_1                    0x080001fd   Thumb Code     0  libinit2.o(.ARM.Collect$$libinit$$00000021)
    __rt_lib_init_cpp_1                      0x080001fd   Thumb Code     0  libinit2.o(.ARM.Collect$$libinit$$00000032)
    __rt_lib_init_exceptions_1               0x080001fd   Thumb Code     0  libinit2.o(.ARM.Collect$$libinit$$00000030)
    __rt_lib_init_fp_1                       0x080001fd   Thumb Code     0  libinit2.o(.ARM.Collect$$libinit$$00000002)
    __rt_lib_init_fp_trap_1                  0x080001fd   Thumb Code     0  libinit2.o(.ARM.Collect$$libinit$$0000001F)
    __rt_lib_init_getenv_1                   0x080001fd   Thumb Code     0  libinit2.o(.ARM.Collect$$libinit$$00000023)
    __rt_lib_init_heap_1                     0x080001fd   Thumb Code     0  libinit2.o(.ARM.Collect$$libinit$$0000000A)
    __rt_lib_init_lc_collate_1               0x080001fd   Thumb Code     0  libinit2.o(.ARM.Collect$$libinit$$00000011)
    __rt_lib_init_lc_ctype_1                 0x080001fd   Thumb Code     0  libinit2.o(.ARM.Collect$$libinit$$00000013)
    __rt_lib_init_lc_monetary_1              0x080001fd   Thumb Code     0  libinit2.o(.ARM.Collect$$libinit$$00000015)
    __rt_lib_init_lc_numeric_1               0x080001fd   Thumb Code     0  libinit2.o(.ARM.Collect$$libinit$$00000017)
    __rt_lib_init_lc_time_1                  0x080001fd   Thumb Code     0  libinit2.o(.ARM.Collect$$libinit$$00000019)
    __rt_lib_init_preinit_1                  0x080001fd   Thumb Code     0  libinit2.o(.ARM.Collect$$libinit$$00000004)
    __rt_lib_init_rand_1                     0x080001fd   Thumb Code     0  libinit2.o(.ARM.Collect$$libinit$$0000000E)
    __rt_lib_init_return                     0x080001fd   Thumb Code     0  libinit2.o(.ARM.Collect$$libinit$$00000033)
    __rt_lib_init_signal_1                   0x080001fd   Thumb Code     0  libinit2.o(.ARM.Collect$$libinit$$0000001D)
    __rt_lib_init_stdio_1                    0x080001fd   Thumb Code     0  libinit2.o(.ARM.Collect$$libinit$$00000025)
    __rt_lib_init_user_alloc_1               0x080001fd   Thumb Code     0  libinit2.o(.ARM.Collect$$libinit$$0000000C)
    __rt_lib_shutdown                        0x080001ff   Thumb Code     0  libshutdown.o(.ARM.Collect$$libshutdown$$00000000)
    __rt_lib_shutdown_cpp_1                  0x08000201   Thumb Code     0  libshutdown2.o(.ARM.Collect$$libshutdown$$00000002)
    __rt_lib_shutdown_fp_trap_1              0x08000201   Thumb Code     0  libshutdown2.o(.ARM.Collect$$libshutdown$$00000007)
    __rt_lib_shutdown_heap_1                 0x08000201   Thumb Code     0  libshutdown2.o(.ARM.Collect$$libshutdown$$0000000F)
    __rt_lib_shutdown_return                 0x08000201   Thumb Code     0  libshutdown2.o(.ARM.Collect$$libshutdown$$00000010)
    __rt_lib_shutdown_signal_1               0x08000201   Thumb Code     0  libshutdown2.o(.ARM.Collect$$libshutdown$$0000000A)
    __rt_lib_shutdown_stdio_1                0x08000201   Thumb Code     0  libshutdown2.o(.ARM.Collect$$libshutdown$$00000004)
    __rt_lib_shutdown_user_alloc_1           0x08000201   Thumb Code     0  libshutdown2.o(.ARM.Collect$$libshutdown$$0000000C)
    __rt_entry                               0x08000203   Thumb Code     0  __rtentry.o(.ARM.Collect$$rtentry$$00000000)
    __rt_entry_presh_1                       0x08000203   Thumb Code     0  __rtentry2.o(.ARM.Collect$$rtentry$$00000002)
    __rt_entry_sh                            0x08000203   Thumb Code     0  __rtentry4.o(.ARM.Collect$$rtentry$$00000004)
    __rt_entry_li                            0x08000209   Thumb Code     0  __rtentry2.o(.ARM.Collect$$rtentry$$0000000A)
    __rt_entry_postsh_1                      0x08000209   Thumb Code     0  __rtentry2.o(.ARM.Collect$$rtentry$$00000009)
    __rt_entry_main                          0x0800020d   Thumb Code     0  __rtentry2.o(.ARM.Collect$$rtentry$$0000000D)
    __rt_entry_postli_1                      0x0800020d   Thumb Code     0  __rtentry2.o(.ARM.Collect$$rtentry$$0000000C)
    __rt_exit                                0x08000215   Thumb Code     0  rtexit.o(.ARM.Collect$$rtexit$$00000000)
    __rt_exit_ls                             0x08000217   Thumb Code     0  rtexit2.o(.ARM.Collect$$rtexit$$00000003)
    __rt_exit_prels_1                        0x08000217   Thumb Code     0  rtexit2.o(.ARM.Collect$$rtexit$$00000002)
    __rt_exit_exit                           0x0800021b   Thumb Code     0  rtexit2.o(.ARM.Collect$$rtexit$$00000004)
    Read_Bin1                                0x08000221   Thumb Code    94  main.o(.text)
    Read_Bin2                                0x0800027f   Thumb Code    94  main.o(.text)
    GPIO_Configuration                       0x080002dd   Thumb Code    30  main.o(.text)
    TIM3_Configuration                       0x080002fb   Thumb Code    62  main.o(.text)
    RCC_Configuration                        0x08000339   Thumb Code    20  main.o(.text)
    SD_TotalSize                             0x0800034d   Thumb Code    60  main.o(.text)
    scan_files                               0x08000389   Thumb Code   142  main.o(.text)
    main                                     0x08000417   Thumb Code   372  main.o(.text)
    NMI_Handler                              0x08000731   Thumb Code     2  stm32f10x_it.o(.text)
    HardFault_Handler                        0x08000733   Thumb Code     4  stm32f10x_it.o(.text)
    MemManage_Handler                        0x08000737   Thumb Code     4  stm32f10x_it.o(.text)
    BusFault_Handler                         0x0800073b   Thumb Code     4  stm32f10x_it.o(.text)
    UsageFault_Handler                       0x0800073f   Thumb Code     4  stm32f10x_it.o(.text)
    SVC_Handler                              0x08000743   Thumb Code     2  stm32f10x_it.o(.text)
    DebugMon_Handler                         0x08000745   Thumb Code     2  stm32f10x_it.o(.text)
    PendSV_Handler                           0x08000747   Thumb Code     2  stm32f10x_it.o(.text)
    SysTick_Handler                          0x08000749   Thumb Code     2  stm32f10x_it.o(.text)
    TIM3_IRQHandler                          0x0800074b   Thumb Code   114  stm32f10x_it.o(.text)
    SystemInit                               0x080008b7   Thumb Code    78  system_stm32f10x.o(.text)
    SystemCoreClockUpdate                    0x08000905   Thumb Code   142  system_stm32f10x.o(.text)
    OLED_WR_Byte                             0x080009b9   Thumb Code   126  oled.o(.text)
    OLED_Set_Pos                             0x08000a37   Thumb Code    46  oled.o(.text)
    OLED_Display_On                          0x08000a65   Thumb Code    28  oled.o(.text)
    OLED_Display_Off                         0x08000a81   Thumb Code    28  oled.o(.text)
    OLED_Clear                               0x08000a9d   Thumb Code    64  oled.o(.text)
    OLED_ShowChar                            0x08000add   Thumb Code   106  oled.o(.text)
    oled_pow                                 0x08000b47   Thumb Code    22  oled.o(.text)
    OLED_ShowNum                             0x08000b5d   Thumb Code   132  oled.o(.text)
    OLED_ShowString                          0x08000be1   Thumb Code    54  oled.o(.text)
    OLED_ShowCHinese                         0x08000c17   Thumb Code    98  oled.o(.text)
    OLED_DrawBMP                             0x08000c79   Thumb Code   118  oled.o(.text)
    OLED_Init                                0x08000cef   Thumb Code   396  oled.o(.text)
    delay_init                               0x08000e7d   Thumb Code    50  delay.o(.text)
    delay_us                                 0x08000eaf   Thumb Code    72  delay.o(.text)
    delay_ms                                 0x08000ef7   Thumb Code    72  delay.o(.text)
    NVIC_Configuration                       0x08000f51   Thumb Code    40  sys.o(.text)
    _sys_exit                                0x08000f79   Thumb Code     6  usart.o(.text)
    fputc                                    0x08000f7f   Thumb Code    24  usart.o(.text)
    uart_init                                0x08000f97   Thumb Code   152  usart.o(.text)
    USART1_IRQHandler                        0x0800102f   Thumb Code   122  usart.o(.text)
    USART_Scanf_Name                         0x080010a9   Thumb Code    78  usart.o(.text)
    Reset_Handler                            0x0800110d   Thumb Code     8  startup_stm32f10x_hd.o(.text)
    ADC1_2_IRQHandler                        0x08001127   Thumb Code     0  startup_stm32f10x_hd.o(.text)
    ADC3_IRQHandler                          0x08001127   Thumb Code     0  startup_stm32f10x_hd.o(.text)
    CAN1_RX1_IRQHandler                      0x08001127   Thumb Code     0  startup_stm32f10x_hd.o(.text)
    CAN1_SCE_IRQHandler                      0x08001127   Thumb Code     0  startup_stm32f10x_hd.o(.text)
    DMA1_Channel1_IRQHandler                 0x08001127   Thumb Code     0  startup_stm32f10x_hd.o(.text)
    DMA1_Channel2_IRQHandler                 0x08001127   Thumb Code     0  startup_stm32f10x_hd.o(.text)
    DMA1_Channel3_IRQHandler                 0x08001127   Thumb Code     0  startup_stm32f10x_hd.o(.text)
    DMA1_Channel4_IRQHandler                 0x08001127   Thumb Code     0  startup_stm32f10x_hd.o(.text)
    DMA1_Channel5_IRQHandler                 0x08001127   Thumb Code     0  startup_stm32f10x_hd.o(.text)
    DMA1_Channel6_IRQHandler                 0x08001127   Thumb Code     0  startup_stm32f10x_hd.o(.text)
    DMA1_Channel7_IRQHandler                 0x08001127   Thumb Code     0  startup_stm32f10x_hd.o(.text)
    DMA2_Channel1_IRQHandler                 0x08001127   Thumb Code     0  startup_stm32f10x_hd.o(.text)
    DMA2_Channel2_IRQHandler                 0x08001127   Thumb Code     0  startup_stm32f10x_hd.o(.text)
    DMA2_Channel3_IRQHandler                 0x08001127   Thumb Code     0  startup_stm32f10x_hd.o(.text)
    DMA2_Channel4_5_IRQHandler               0x08001127   Thumb Code     0  startup_stm32f10x_hd.o(.text)
    EXTI0_IRQHandler                         0x08001127   Thumb Code     0  startup_stm32f10x_hd.o(.text)
    EXTI15_10_IRQHandler                     0x08001127   Thumb Code     0  startup_stm32f10x_hd.o(.text)
    EXTI1_IRQHandler                         0x08001127   Thumb Code     0  startup_stm32f10x_hd.o(.text)
    EXTI2_IRQHandler                         0x08001127   Thumb Code     0  startup_stm32f10x_hd.o(.text)
    EXTI3_IRQHandler                         0x08001127   Thumb Code     0  startup_stm32f10x_hd.o(.text)
    EXTI4_IRQHandler                         0x08001127   Thumb Code     0  startup_stm32f10x_hd.o(.text)
    EXTI9_5_IRQHandler                       0x08001127   Thumb Code     0  startup_stm32f10x_hd.o(.text)
    FLASH_IRQHandler                         0x08001127   Thumb Code     0  startup_stm32f10x_hd.o(.text)
    FSMC_IRQHandler                          0x08001127   Thumb Code     0  startup_stm32f10x_hd.o(.text)
    I2C1_ER_IRQHandler                       0x08001127   Thumb Code     0  startup_stm32f10x_hd.o(.text)
    I2C1_EV_IRQHandler                       0x08001127   Thumb Code     0  startup_stm32f10x_hd.o(.text)
    I2C2_ER_IRQHandler                       0x08001127   Thumb Code     0  startup_stm32f10x_hd.o(.text)
    I2C2_EV_IRQHandler                       0x08001127   Thumb Code     0  startup_stm32f10x_hd.o(.text)
    PVD_IRQHandler                           0x08001127   Thumb Code     0  startup_stm32f10x_hd.o(.text)
    RCC_IRQHandler                           0x08001127   Thumb Code     0  startup_stm32f10x_hd.o(.text)
    RTCAlarm_IRQHandler                      0x08001127   Thumb Code     0  startup_stm32f10x_hd.o(.text)
    RTC_IRQHandler                           0x08001127   Thumb Code     0  startup_stm32f10x_hd.o(.text)
    SDIO_IRQHandler                          0x08001127   Thumb Code     0  startup_stm32f10x_hd.o(.text)
    SPI1_IRQHandler                          0x08001127   Thumb Code     0  startup_stm32f10x_hd.o(.text)
    SPI2_IRQHandler                          0x08001127   Thumb Code     0  startup_stm32f10x_hd.o(.text)
    SPI3_IRQHandler                          0x08001127   Thumb Code     0  startup_stm32f10x_hd.o(.text)
    TAMPER_IRQHandler                        0x08001127   Thumb Code     0  startup_stm32f10x_hd.o(.text)
    TIM1_BRK_IRQHandler                      0x08001127   Thumb Code     0  startup_stm32f10x_hd.o(.text)
    TIM1_CC_IRQHandler                       0x08001127   Thumb Code     0  startup_stm32f10x_hd.o(.text)
    TIM1_TRG_COM_IRQHandler                  0x08001127   Thumb Code     0  startup_stm32f10x_hd.o(.text)
    TIM1_UP_IRQHandler                       0x08001127   Thumb Code     0  startup_stm32f10x_hd.o(.text)
    TIM2_IRQHandler                          0x08001127   Thumb Code     0  startup_stm32f10x_hd.o(.text)
    TIM4_IRQHandler                          0x08001127   Thumb Code     0  startup_stm32f10x_hd.o(.text)
    TIM5_IRQHandler                          0x08001127   Thumb Code     0  startup_stm32f10x_hd.o(.text)
    TIM6_IRQHandler                          0x08001127   Thumb Code     0  startup_stm32f10x_hd.o(.text)
    TIM7_IRQHandler                          0x08001127   Thumb Code     0  startup_stm32f10x_hd.o(.text)
    TIM8_BRK_IRQHandler                      0x08001127   Thumb Code     0  startup_stm32f10x_hd.o(.text)
    TIM8_CC_IRQHandler                       0x08001127   Thumb Code     0  startup_stm32f10x_hd.o(.text)
    TIM8_TRG_COM_IRQHandler                  0x08001127   Thumb Code     0  startup_stm32f10x_hd.o(.text)
    TIM8_UP_IRQHandler                       0x08001127   Thumb Code     0  startup_stm32f10x_hd.o(.text)
    UART4_IRQHandler                         0x08001127   Thumb Code     0  startup_stm32f10x_hd.o(.text)
    UART5_IRQHandler                         0x08001127   Thumb Code     0  startup_stm32f10x_hd.o(.text)
    USART2_IRQHandler                        0x08001127   Thumb Code     0  startup_stm32f10x_hd.o(.text)
    USART3_IRQHandler                        0x08001127   Thumb Code     0  startup_stm32f10x_hd.o(.text)
    USBWakeUp_IRQHandler                     0x08001127   Thumb Code     0  startup_stm32f10x_hd.o(.text)
    USB_HP_CAN1_TX_IRQHandler                0x08001127   Thumb Code     0  startup_stm32f10x_hd.o(.text)
    USB_LP_CAN1_RX0_IRQHandler               0x08001127   Thumb Code     0  startup_stm32f10x_hd.o(.text)
    WWDG_IRQHandler                          0x08001127   Thumb Code     0  startup_stm32f10x_hd.o(.text)
    __user_initial_stackheap                 0x08001129   Thumb Code     0  startup_stm32f10x_hd.o(.text)
    NVIC_PriorityGroupConfig                 0x0800114d   Thumb Code    10  misc.o(.text)
    NVIC_Init                                0x08001157   Thumb Code   100  misc.o(.text)
    NVIC_SetVectorTable                      0x080011bb   Thumb Code    14  misc.o(.text)
    NVIC_SystemLPConfig                      0x080011c9   Thumb Code    34  misc.o(.text)
    SysTick_CLKSourceConfig                  0x080011eb   Thumb Code    40  misc.o(.text)
    GPIO_DeInit                              0x08001229   Thumb Code   172  stm32f10x_gpio.o(.text)
    GPIO_AFIODeInit                          0x080012d5   Thumb Code    20  stm32f10x_gpio.o(.text)
    GPIO_Init                                0x080012e9   Thumb Code   278  stm32f10x_gpio.o(.text)
    GPIO_StructInit                          0x080013ff   Thumb Code    16  stm32f10x_gpio.o(.text)
    GPIO_ReadInputDataBit                    0x0800140f   Thumb Code    18  stm32f10x_gpio.o(.text)
    GPIO_ReadInputData                       0x08001421   Thumb Code     8  stm32f10x_gpio.o(.text)
    GPIO_ReadOutputDataBit                   0x08001429   Thumb Code    18  stm32f10x_gpio.o(.text)
    GPIO_ReadOutputData                      0x0800143b   Thumb Code     8  stm32f10x_gpio.o(.text)
    GPIO_SetBits                             0x08001443   Thumb Code     4  stm32f10x_gpio.o(.text)
    GPIO_ResetBits                           0x08001447   Thumb Code     4  stm32f10x_gpio.o(.text)
    GPIO_WriteBit                            0x0800144b   Thumb Code    10  stm32f10x_gpio.o(.text)
    GPIO_Write                               0x08001455   Thumb Code     4  stm32f10x_gpio.o(.text)
    GPIO_PinLockConfig                       0x08001459   Thumb Code    18  stm32f10x_gpio.o(.text)
    GPIO_EventOutputConfig                   0x0800146b   Thumb Code    26  stm32f10x_gpio.o(.text)
    GPIO_EventOutputCmd                      0x08001485   Thumb Code     6  stm32f10x_gpio.o(.text)
    GPIO_PinRemapConfig                      0x0800148b   Thumb Code   138  stm32f10x_gpio.o(.text)
    GPIO_EXTILineConfig                      0x08001515   Thumb Code    66  stm32f10x_gpio.o(.text)
    GPIO_ETH_MediaInterfaceConfig            0x08001557   Thumb Code     8  stm32f10x_gpio.o(.text)
    RCC_DeInit                               0x08001585   Thumb Code    64  stm32f10x_rcc.o(.text)
    RCC_HSEConfig                            0x080015c5   Thumb Code    70  stm32f10x_rcc.o(.text)
    RCC_GetFlagStatus                        0x0800160b   Thumb Code    56  stm32f10x_rcc.o(.text)
    RCC_WaitForHSEStartUp                    0x08001643   Thumb Code    56  stm32f10x_rcc.o(.text)
    RCC_AdjustHSICalibrationValue            0x0800167b   Thumb Code    20  stm32f10x_rcc.o(.text)
    RCC_HSICmd                               0x0800168f   Thumb Code     6  stm32f10x_rcc.o(.text)
    RCC_PLLConfig                            0x08001695   Thumb Code    24  stm32f10x_rcc.o(.text)
    RCC_PLLCmd                               0x080016ad   Thumb Code     6  stm32f10x_rcc.o(.text)
    RCC_SYSCLKConfig                         0x080016b3   Thumb Code    18  stm32f10x_rcc.o(.text)
    RCC_GetSYSCLKSource                      0x080016c5   Thumb Code    10  stm32f10x_rcc.o(.text)
    RCC_HCLKConfig                           0x080016cf   Thumb Code    18  stm32f10x_rcc.o(.text)
    RCC_PCLK1Config                          0x080016e1   Thumb Code    18  stm32f10x_rcc.o(.text)
    RCC_PCLK2Config                          0x080016f3   Thumb Code    20  stm32f10x_rcc.o(.text)
    RCC_ITConfig                             0x08001707   Thumb Code    26  stm32f10x_rcc.o(.text)
    RCC_USBCLKConfig                         0x08001721   Thumb Code     8  stm32f10x_rcc.o(.text)
    RCC_ADCCLKConfig                         0x08001729   Thumb Code    18  stm32f10x_rcc.o(.text)
    RCC_LSEConfig                            0x0800173b   Thumb Code    50  stm32f10x_rcc.o(.text)
    RCC_LSICmd                               0x0800176d   Thumb Code     6  stm32f10x_rcc.o(.text)
    RCC_RTCCLKConfig                         0x08001773   Thumb Code    12  stm32f10x_rcc.o(.text)
    RCC_RTCCLKCmd                            0x0800177f   Thumb Code     8  stm32f10x_rcc.o(.text)
    RCC_GetClocksFreq                        0x08001787   Thumb Code   192  stm32f10x_rcc.o(.text)
    RCC_AHBPeriphClockCmd                    0x08001847   Thumb Code    26  stm32f10x_rcc.o(.text)
    RCC_APB2PeriphClockCmd                   0x08001861   Thumb Code    26  stm32f10x_rcc.o(.text)
    RCC_APB1PeriphClockCmd                   0x0800187b   Thumb Code    26  stm32f10x_rcc.o(.text)
    RCC_APB2PeriphResetCmd                   0x08001895   Thumb Code    26  stm32f10x_rcc.o(.text)
    RCC_APB1PeriphResetCmd                   0x080018af   Thumb Code    26  stm32f10x_rcc.o(.text)
    RCC_BackupResetCmd                       0x080018c9   Thumb Code     8  stm32f10x_rcc.o(.text)
    RCC_ClockSecuritySystemCmd               0x080018d1   Thumb Code     6  stm32f10x_rcc.o(.text)
    RCC_MCOConfig                            0x080018d7   Thumb Code     6  stm32f10x_rcc.o(.text)
    RCC_ClearFlag                            0x080018dd   Thumb Code    14  stm32f10x_rcc.o(.text)
    RCC_GetITStatus                          0x080018eb   Thumb Code    20  stm32f10x_rcc.o(.text)
    RCC_ClearITPendingBit                    0x080018ff   Thumb Code     6  stm32f10x_rcc.o(.text)
    USART_DeInit                             0x08001929   Thumb Code   134  stm32f10x_usart.o(.text)
    USART_Init                               0x080019af   Thumb Code   210  stm32f10x_usart.o(.text)
    USART_StructInit                         0x08001a81   Thumb Code    24  stm32f10x_usart.o(.text)
    USART_ClockInit                          0x08001a99   Thumb Code    34  stm32f10x_usart.o(.text)
    USART_ClockStructInit                    0x08001abb   Thumb Code    12  stm32f10x_usart.o(.text)
    USART_Cmd                                0x08001ac7   Thumb Code    24  stm32f10x_usart.o(.text)
    USART_ITConfig                           0x08001adf   Thumb Code    74  stm32f10x_usart.o(.text)
    USART_DMACmd                             0x08001b29   Thumb Code    18  stm32f10x_usart.o(.text)
    USART_SetAddress                         0x08001b3b   Thumb Code    18  stm32f10x_usart.o(.text)
    USART_WakeUpConfig                       0x08001b4d   Thumb Code    18  stm32f10x_usart.o(.text)
    USART_ReceiverWakeUpCmd                  0x08001b5f   Thumb Code    24  stm32f10x_usart.o(.text)
    USART_LINBreakDetectLengthConfig         0x08001b77   Thumb Code    18  stm32f10x_usart.o(.text)
    USART_LINCmd                             0x08001b89   Thumb Code    24  stm32f10x_usart.o(.text)
    USART_SendData                           0x08001ba1   Thumb Code     8  stm32f10x_usart.o(.text)
    USART_ReceiveData                        0x08001ba9   Thumb Code    10  stm32f10x_usart.o(.text)
    USART_SendBreak                          0x08001bb3   Thumb Code    10  stm32f10x_usart.o(.text)
    USART_SetGuardTime                       0x08001bbd   Thumb Code    16  stm32f10x_usart.o(.text)
    USART_SetPrescaler                       0x08001bcd   Thumb Code    16  stm32f10x_usart.o(.text)
    USART_SmartCardCmd                       0x08001bdd   Thumb Code    24  stm32f10x_usart.o(.text)
    USART_SmartCardNACKCmd                   0x08001bf5   Thumb Code    24  stm32f10x_usart.o(.text)
    USART_HalfDuplexCmd                      0x08001c0d   Thumb Code    24  stm32f10x_usart.o(.text)
    USART_OverSampling8Cmd                   0x08001c25   Thumb Code    22  stm32f10x_usart.o(.text)
    USART_OneBitMethodCmd                    0x08001c3b   Thumb Code    24  stm32f10x_usart.o(.text)
    USART_IrDAConfig                         0x08001c53   Thumb Code    18  stm32f10x_usart.o(.text)
    USART_IrDACmd                            0x08001c65   Thumb Code    24  stm32f10x_usart.o(.text)
    USART_GetFlagStatus                      0x08001c7d   Thumb Code    26  stm32f10x_usart.o(.text)
    USART_ClearFlag                          0x08001c97   Thumb Code    18  stm32f10x_usart.o(.text)
    USART_GetITStatus                        0x08001ca9   Thumb Code    84  stm32f10x_usart.o(.text)
    USART_ClearITPendingBit                  0x08001cfd   Thumb Code    52  stm32f10x_usart.o(.text)
    SPI_I2S_DeInit                           0x08001d31   Thumb Code    76  stm32f10x_spi.o(.text)
    SPI_Init                                 0x08001d7d   Thumb Code    60  stm32f10x_spi.o(.text)
    I2S_Init                                 0x08001db9   Thumb Code   226  stm32f10x_spi.o(.text)
    SPI_StructInit                           0x08001e9b   Thumb Code    24  stm32f10x_spi.o(.text)
    I2S_StructInit                           0x08001eb3   Thumb Code    20  stm32f10x_spi.o(.text)
    SPI_Cmd                                  0x08001ec7   Thumb Code    24  stm32f10x_spi.o(.text)
    I2S_Cmd                                  0x08001edf   Thumb Code    24  stm32f10x_spi.o(.text)
    SPI_I2S_ITConfig                         0x08001ef7   Thumb Code    32  stm32f10x_spi.o(.text)
    SPI_I2S_DMACmd                           0x08001f17   Thumb Code    18  stm32f10x_spi.o(.text)
    SPI_I2S_SendData                         0x08001f29   Thumb Code     4  stm32f10x_spi.o(.text)
    SPI_I2S_ReceiveData                      0x08001f2d   Thumb Code     6  stm32f10x_spi.o(.text)
    SPI_NSSInternalSoftwareConfig            0x08001f33   Thumb Code    30  stm32f10x_spi.o(.text)
    SPI_SSOutputCmd                          0x08001f51   Thumb Code    24  stm32f10x_spi.o(.text)
    SPI_DataSizeConfig                       0x08001f69   Thumb Code    18  stm32f10x_spi.o(.text)
    SPI_TransmitCRC                          0x08001f7b   Thumb Code    10  stm32f10x_spi.o(.text)
    SPI_CalculateCRC                         0x08001f85   Thumb Code    24  stm32f10x_spi.o(.text)
    SPI_GetCRC                               0x08001f9d   Thumb Code    16  stm32f10x_spi.o(.text)
    SPI_GetCRCPolynomial                     0x08001fad   Thumb Code     6  stm32f10x_spi.o(.text)
    SPI_BiDirectionalLineConfig              0x08001fb3   Thumb Code    28  stm32f10x_spi.o(.text)
    SPI_I2S_GetFlagStatus                    0x08001fcf   Thumb Code    18  stm32f10x_spi.o(.text)
    SPI_I2S_ClearFlag                        0x08001fe1   Thumb Code     6  stm32f10x_spi.o(.text)
    SPI_I2S_GetITStatus                      0x08001fe7   Thumb Code    52  stm32f10x_spi.o(.text)
    SPI_I2S_ClearITPendingBit                0x0800201b   Thumb Code    20  stm32f10x_spi.o(.text)
    TIM_DeInit                               0x0800203d   Thumb Code   424  stm32f10x_tim.o(.text)
    TIM_TimeBaseInit                         0x080021e5   Thumb Code   122  stm32f10x_tim.o(.text)
    TIM_OC1Init                              0x0800225f   Thumb Code   132  stm32f10x_tim.o(.text)
    TIM_OC2Init                              0x080022e3   Thumb Code   154  stm32f10x_tim.o(.text)
    TIM_OC3Init                              0x0800237d   Thumb Code   150  stm32f10x_tim.o(.text)
    TIM_OC4Init                              0x08002413   Thumb Code   182  stm32f10x_tim.o(.text)
    TIM_SetIC4Prescaler                      0x080024c9   Thumb Code    26  stm32f10x_tim.o(.text)
    TIM_SetIC3Prescaler                      0x08002565   Thumb Code    18  stm32f10x_tim.o(.text)
    TIM_SetIC2Prescaler                      0x080025f1   Thumb Code    26  stm32f10x_tim.o(.text)
    TIM_SetIC1Prescaler                      0x0800268d   Thumb Code    18  stm32f10x_tim.o(.text)
    TIM_ICInit                               0x0800270b   Thumb Code   150  stm32f10x_tim.o(.text)
    TIM_PWMIConfig                           0x080027a1   Thumb Code   124  stm32f10x_tim.o(.text)
    TIM_BDTRConfig                           0x0800281d   Thumb Code    32  stm32f10x_tim.o(.text)
    TIM_TimeBaseStructInit                   0x0800283d   Thumb Code    18  stm32f10x_tim.o(.text)
    TIM_OCStructInit                         0x0800284f   Thumb Code    20  stm32f10x_tim.o(.text)
    TIM_ICStructInit                         0x08002863   Thumb Code    18  stm32f10x_tim.o(.text)
    TIM_BDTRStructInit                       0x08002875   Thumb Code    40  stm32f10x_tim.o(.text)
    TIM_Cmd                                  0x0800289d   Thumb Code    24  stm32f10x_tim.o(.text)
    TIM_CtrlPWMOutputs                       0x080028b5   Thumb Code    30  stm32f10x_tim.o(.text)
    TIM_ITConfig                             0x080028d3   Thumb Code    18  stm32f10x_tim.o(.text)
    TIM_GenerateEvent                        0x080028e5   Thumb Code     4  stm32f10x_tim.o(.text)
    TIM_DMAConfig                            0x080028e9   Thumb Code    10  stm32f10x_tim.o(.text)
    TIM_DMACmd                               0x080028f3   Thumb Code    18  stm32f10x_tim.o(.text)
    TIM_InternalClockConfig                  0x08002905   Thumb Code    12  stm32f10x_tim.o(.text)
    TIM_SelectInputTrigger                   0x08002911   Thumb Code    18  stm32f10x_tim.o(.text)
    TIM_ITRxExternalClockConfig              0x08002923   Thumb Code    24  stm32f10x_tim.o(.text)
    TIM_TIxExternalClockConfig               0x0800293b   Thumb Code    62  stm32f10x_tim.o(.text)
    TIM_ETRConfig                            0x08002979   Thumb Code    28  stm32f10x_tim.o(.text)
    TIM_ETRClockMode1Config                  0x08002995   Thumb Code    54  stm32f10x_tim.o(.text)
    TIM_ETRClockMode2Config                  0x080029cb   Thumb Code    32  stm32f10x_tim.o(.text)
    TIM_PrescalerConfig                      0x080029eb   Thumb Code     6  stm32f10x_tim.o(.text)
    TIM_CounterModeConfig                    0x080029f1   Thumb Code    18  stm32f10x_tim.o(.text)
    TIM_EncoderInterfaceConfig               0x08002a03   Thumb Code    66  stm32f10x_tim.o(.text)
    TIM_ForcedOC1Config                      0x08002a45   Thumb Code    18  stm32f10x_tim.o(.text)
    TIM_ForcedOC2Config                      0x08002a57   Thumb Code    26  stm32f10x_tim.o(.text)
    TIM_ForcedOC3Config                      0x08002a71   Thumb Code    18  stm32f10x_tim.o(.text)
    TIM_ForcedOC4Config                      0x08002a83   Thumb Code    26  stm32f10x_tim.o(.text)
    TIM_ARRPreloadConfig                     0x08002a9d   Thumb Code    24  stm32f10x_tim.o(.text)
    TIM_SelectCOM                            0x08002ab5   Thumb Code    24  stm32f10x_tim.o(.text)
    TIM_SelectCCDMA                          0x08002acd   Thumb Code    24  stm32f10x_tim.o(.text)
    TIM_CCPreloadControl                     0x08002ae5   Thumb Code    24  stm32f10x_tim.o(.text)
    TIM_OC1PreloadConfig                     0x08002afd   Thumb Code    18  stm32f10x_tim.o(.text)
    TIM_OC2PreloadConfig                     0x08002b0f   Thumb Code    26  stm32f10x_tim.o(.text)
    TIM_OC3PreloadConfig                     0x08002b29   Thumb Code    18  stm32f10x_tim.o(.text)
    TIM_OC4PreloadConfig                     0x08002b3b   Thumb Code    26  stm32f10x_tim.o(.text)
    TIM_OC1FastConfig                        0x08002b55   Thumb Code    18  stm32f10x_tim.o(.text)
    TIM_OC2FastConfig                        0x08002b67   Thumb Code    26  stm32f10x_tim.o(.text)
    TIM_OC3FastConfig                        0x08002b81   Thumb Code    18  stm32f10x_tim.o(.text)
    TIM_OC4FastConfig                        0x08002b93   Thumb Code    26  stm32f10x_tim.o(.text)
    TIM_ClearOC1Ref                          0x08002bad   Thumb Code    18  stm32f10x_tim.o(.text)
    TIM_ClearOC2Ref                          0x08002bbf   Thumb Code    24  stm32f10x_tim.o(.text)
    TIM_ClearOC3Ref                          0x08002bd7   Thumb Code    18  stm32f10x_tim.o(.text)
    TIM_ClearOC4Ref                          0x08002be9   Thumb Code    24  stm32f10x_tim.o(.text)
    TIM_OC1PolarityConfig                    0x08002c01   Thumb Code    18  stm32f10x_tim.o(.text)
    TIM_OC1NPolarityConfig                   0x08002c13   Thumb Code    18  stm32f10x_tim.o(.text)
    TIM_OC2PolarityConfig                    0x08002c25   Thumb Code    26  stm32f10x_tim.o(.text)
    TIM_OC2NPolarityConfig                   0x08002c3f   Thumb Code    26  stm32f10x_tim.o(.text)
    TIM_OC3PolarityConfig                    0x08002c59   Thumb Code    26  stm32f10x_tim.o(.text)
    TIM_OC3NPolarityConfig                   0x08002c73   Thumb Code    26  stm32f10x_tim.o(.text)
    TIM_OC4PolarityConfig                    0x08002c8d   Thumb Code    26  stm32f10x_tim.o(.text)
    TIM_CCxCmd                               0x08002ca7   Thumb Code    30  stm32f10x_tim.o(.text)
    TIM_CCxNCmd                              0x08002cc5   Thumb Code    30  stm32f10x_tim.o(.text)
    TIM_SelectOCxM                           0x08002ce3   Thumb Code    82  stm32f10x_tim.o(.text)
    TIM_UpdateDisableConfig                  0x08002d35   Thumb Code    24  stm32f10x_tim.o(.text)
    TIM_UpdateRequestConfig                  0x08002d4d   Thumb Code    24  stm32f10x_tim.o(.text)
    TIM_SelectHallSensor                     0x08002d65   Thumb Code    24  stm32f10x_tim.o(.text)
    TIM_SelectOnePulseMode                   0x08002d7d   Thumb Code    18  stm32f10x_tim.o(.text)
    TIM_SelectOutputTrigger                  0x08002d8f   Thumb Code    18  stm32f10x_tim.o(.text)
    TIM_SelectSlaveMode                      0x08002da1   Thumb Code    18  stm32f10x_tim.o(.text)
    TIM_SelectMasterSlaveMode                0x08002db3   Thumb Code    18  stm32f10x_tim.o(.text)
    TIM_SetCounter                           0x08002dc5   Thumb Code     4  stm32f10x_tim.o(.text)
    TIM_SetAutoreload                        0x08002dc9   Thumb Code     4  stm32f10x_tim.o(.text)
    TIM_SetCompare1                          0x08002dcd   Thumb Code     4  stm32f10x_tim.o(.text)
    TIM_SetCompare2                          0x08002dd1   Thumb Code     4  stm32f10x_tim.o(.text)
    TIM_SetCompare3                          0x08002dd5   Thumb Code     4  stm32f10x_tim.o(.text)
    TIM_SetCompare4                          0x08002dd9   Thumb Code     6  stm32f10x_tim.o(.text)
    TIM_SetClockDivision                     0x08002ddf   Thumb Code    18  stm32f10x_tim.o(.text)
    TIM_GetCapture1                          0x08002df1   Thumb Code     6  stm32f10x_tim.o(.text)
    TIM_GetCapture2                          0x08002df7   Thumb Code     6  stm32f10x_tim.o(.text)
    TIM_GetCapture3                          0x08002dfd   Thumb Code     6  stm32f10x_tim.o(.text)
    TIM_GetCapture4                          0x08002e03   Thumb Code     8  stm32f10x_tim.o(.text)
    TIM_GetCounter                           0x08002e0b   Thumb Code     6  stm32f10x_tim.o(.text)
    TIM_GetPrescaler                         0x08002e11   Thumb Code     6  stm32f10x_tim.o(.text)
    TIM_GetFlagStatus                        0x08002e17   Thumb Code    18  stm32f10x_tim.o(.text)
    TIM_ClearFlag                            0x08002e29   Thumb Code     6  stm32f10x_tim.o(.text)
    TIM_GetITStatus                          0x08002e2f   Thumb Code    34  stm32f10x_tim.o(.text)
    TIM_ClearITPendingBit                    0x08002e51   Thumb Code     6  stm32f10x_tim.o(.text)
    disk_initialize                          0x08002e59   Thumb Code    32  diskio.o(.text)
    disk_status                              0x08002e79   Thumb Code    28  diskio.o(.text)
    disk_read                                0x08002e95   Thumb Code    82  diskio.o(.text)
    disk_write                               0x08002ee7   Thumb Code    74  diskio.o(.text)
    disk_ioctl                               0x08002f31   Thumb Code    90  diskio.o(.text)
    get_fattime                              0x08002f8b   Thumb Code     4  diskio.o(.text)
    get_Calendarfattime                      0x08002f8f   Thumb Code     2  diskio.o(.text)
    clust2sect                               0x08003139   Thumb Code    26  ff.o(.text)
    get_fat                                  0x08003153   Thumb Code   228  ff.o(.text)
    put_fat                                  0x08003237   Thumb Code   310  ff.o(.text)
    f_mount                                  0x08003e77   Thumb Code    38  ff.o(.text)
    f_open                                   0x08003e9d   Thumb Code   364  ff.o(.text)
    f_read                                   0x08004009   Thumb Code   482  ff.o(.text)
    f_write                                  0x080041eb   Thumb Code   526  ff.o(.text)
    f_sync                                   0x080043f9   Thumb Code   184  ff.o(.text)
    f_close                                  0x080044b1   Thumb Code    22  ff.o(.text)
    f_lseek                                  0x080044c7   Thumb Code   432  ff.o(.text)
    f_opendir                                0x08004677   Thumb Code   110  ff.o(.text)
    f_readdir                                0x080046e5   Thumb Code    88  ff.o(.text)
    f_stat                                   0x0800473d   Thumb Code    58  ff.o(.text)
    f_getfree                                0x08004777   Thumb Code   276  ff.o(.text)
    f_truncate                               0x0800488b   Thumb Code   156  ff.o(.text)
    f_unlink                                 0x08004927   Thumb Code   178  ff.o(.text)
    f_mkdir                                  0x080049d9   Thumb Code   384  ff.o(.text)
    f_chmod                                  0x08004b59   Thumb Code    84  ff.o(.text)
    f_utime                                  0x08004bad   Thumb Code    86  ff.o(.text)
    f_rename                                 0x08004c03   Thumb Code   290  ff.o(.text)
    f_mkfs                                   0x08004d25   Thumb Code  1582  ff.o(.text)
    SDCard_SpiInit                           0x08005359   Thumb Code   170  spi_sd_driver.o(.text)
    SPI_SetSpeed                             0x08005403   Thumb Code    84  spi_sd_driver.o(.text)
    SPI_ReadWriteByte                        0x08005457   Thumb Code    54  spi_sd_driver.o(.text)
    SD_WaitReady                             0x0800548d   Thumb Code    34  spi_sd_driver.o(.text)
    SD_SendCommand                           0x080054af   Thumb Code   114  spi_sd_driver.o(.text)
    SD_SendCommand_NoDeassert                0x08005521   Thumb Code   100  spi_sd_driver.o(.text)
    SD_ReceiveData                           0x08005585   Thumb Code   118  spi_sd_driver.o(.text)
    SD_GetCID                                0x080055fb   Thumb Code    36  spi_sd_driver.o(.text)
    SD_GetCSD                                0x0800561f   Thumb Code    36  spi_sd_driver.o(.text)
    SD_GetCapacity                           0x08005643   Thumb Code   102  spi_sd_driver.o(.text)
    SD_ReadSingleBlock                       0x080056a9   Thumb Code    54  spi_sd_driver.o(.text)
    SD_WriteSingleBlock                      0x080056df   Thumb Code   212  spi_sd_driver.o(.text)
    SD_ReadMultiBlock                        0x080057b3   Thumb Code   104  spi_sd_driver.o(.text)
    SD_WriteMultiBlock                       0x0800581b   Thumb Code   228  spi_sd_driver.o(.text)
    SD_Init                                  0x080058ff   Thumb Code   490  spi_sd_driver.o(.text)
    __use_no_semihosting                     0x08005af1   Thumb Code     2  use_no_semi_2.o(.text)
    __2printf                                0x08005af5   Thumb Code    20  noretval__2printf.o(.text)
    __2sprintf                               0x08005b0d   Thumb Code    34  noretval__2sprintf.o(.text)
    _printf_str                              0x08005b35   Thumb Code    82  _printf_str.o(.text)
    _printf_int_dec                          0x08005b89   Thumb Code   104  _printf_dec.o(.text)
    __printf                                 0x08005c01   Thumb Code   270  __printf_wp.o(.text)
    strlen                                   0x08005d0f   Thumb Code    62  strlen.o(.text)
    __use_two_region_memory                  0x08005d4d   Thumb Code     2  heapauxi.o(.text)
    __rt_heap_escrow$2region                 0x08005d4f   Thumb Code     2  heapauxi.o(.text)
    __rt_heap_expand$2region                 0x08005d51   Thumb Code     2  heapauxi.o(.text)
    __I$use$semihosting                      0x08005d53   Thumb Code     0  use_no_semi.o(.text)
    __use_no_semihosting_swi                 0x08005d53   Thumb Code     2  use_no_semi.o(.text)
    _printf_int_common                       0x08005d55   Thumb Code   178  _printf_intcommon.o(.text)
    _printf_char_common                      0x08005e13   Thumb Code    32  _printf_char_common.o(.text)
    _sputc                                   0x08005e39   Thumb Code    10  _sputc.o(.text)
    _printf_cs_common                        0x08005e43   Thumb Code    20  _printf_char.o(.text)
    _printf_char                             0x08005e57   Thumb Code    16  _printf_char.o(.text)
    _printf_string                           0x08005e67   Thumb Code     8  _printf_char.o(.text)
    _printf_char_file                        0x08005e71   Thumb Code    32  _printf_char_file.o(.text)
    ferror                                   0x08005e95   Thumb Code     8  ferror.o(.text)
    __user_setup_stackheap                   0x08005e9d   Thumb Code    74  sys_stackheap_outer.o(.text)
    exit                                     0x08005ee7   Thumb Code    18  exit.o(.text)
    __user_libspace                          0x08005ef9   Thumb Code     8  libspace.o(.text)
    __user_perproc_libspace                  0x08005ef9   Thumb Code     0  libspace.o(.text)
    __user_perthread_libspace                0x08005ef9   Thumb Code     0  libspace.o(.text)
    _is_digit                                0x08005f01   Thumb Code    14  __printf_wp.o(i._is_digit)
    F6x8                                     0x08005f0e   Data         552  oled.o(.constdata)
    F8X16                                    0x08006136   Data        1520  oled.o(.constdata)
    Region$$Table$$Base                      0x08006754   Number         0  anon$$obj.o(Region$$Table)
    Region$$Table$$Limit                     0x08006774   Number         0  anon$$obj.o(Region$$Table)
    BMP1                                     0x20000000   Data        1024  main.o(.data)
    BMP2                                     0x20000400   Data        1024  main.o(.data)
    gImage_1                                 0x20000800   Data        1024  main.o(.data)
    res                                      0x20000c00   Data           1  main.o(.data)
    br                                       0x20000c04   Data           4  main.o(.data)
    textFileBuffer                           0x20000c08   Data          36  main.o(.data)
    path                                     0x20000c2c   Data         128  main.o(.data)
    file_byte                                0x20000cac   Data           4  main.o(.data)
    ls_move                                  0x20000cb0   Data           4  main.o(.data)
    k                                        0x20000cb4   Data           4  stm32f10x_it.o(.data)
    k_1                                      0x20000cb8   Data           4  stm32f10x_it.o(.data)
    k_2                                      0x20000cbc   Data           4  stm32f10x_it.o(.data)
    SystemCoreClock                          0x20000cc0   Data           4  system_stm32f10x.o(.data)
    AHBPrescTable                            0x20000cc4   Data          16  system_stm32f10x.o(.data)
    Hzk                                      0x20000cd4   Data         448  oled.o(.data)
    __stdout                                 0x20000e98   Data           4  usart.o(.data)
    USART_RX_STA                             0x20000e9c   Data           2  usart.o(.data)
    SD_Type                                  0x20000eba   Data           1  spi_sd_driver.o(.data)
    fs                                       0x20000ebc   Data         560  main.o(.bss)
    fsrc                                     0x200010ec   Data         548  main.o(.bss)
    G_Bin1                                   0x20001310   Data        1024  main.o(.bss)
    G_Bin2                                   0x20001710   Data        1024  main.o(.bss)
    USART_RX_BUF                             0x20001b10   Data         200  usart.o(.bss)
    __libspace_start                         0x20001bd8   Data          96  libspace.o(.bss)
    __temporary_stack_top$libspace           0x20001c38   Data           0  libspace.o(.bss)



==============================================================================

Memory Map of the image

  Image Entry point : 0x08000131

  Load Region LR_IROM1 (Base: 0x08000000, Size: 0x00007630, Max: 0x00010000, ABSOLUTE, COMPRESSED[0x00006adc])

    Execution Region ER_IROM1 (Base: 0x08000000, Size: 0x00006774, Max: 0x00010000, ABSOLUTE)

    Base Addr    Size         Type   Attr      Idx    E Section Name        Object

    0x08000000   0x00000130   Data   RO          243    RESET               startup_stm32f10x_hd.o
    0x08000130   0x00000008   Code   RO          548  * !!!main             c_w.l(__main.o)
    0x08000138   0x00000034   Code   RO          722    !!!scatter          c_w.l(__scatter.o)
    0x0800016c   0x0000005a   Code   RO          720    !!dczerorl2         c_w.l(__dczerorl2.o)
    0x080001c6   0x00000002   PAD
    0x080001c8   0x0000001c   Code   RO          724    !!handler_zi        c_w.l(__scatter_zi.o)
    0x080001e4   0x00000000   Code   RO          541    .ARM.Collect$$_printf_percent$$00000000  c_w.l(_printf_percent.o)
    0x080001e4   0x00000006   Code   RO          540    .ARM.Collect$$_printf_percent$$00000009  c_w.l(_printf_d.o)
    0x080001ea   0x00000006   Code   RO          538    .ARM.Collect$$_printf_percent$$00000013  c_w.l(_printf_c.o)
    0x080001f0   0x00000006   Code   RO          539    .ARM.Collect$$_printf_percent$$00000014  c_w.l(_printf_s.o)
    0x080001f6   0x00000004   Code   RO          563    .ARM.Collect$$_printf_percent$$00000017  c_w.l(_printf_percent_end.o)
    0x080001fa   0x00000002   Code   RO          594    .ARM.Collect$$libinit$$00000000  c_w.l(libinit.o)
    0x080001fc   0x00000000   Code   RO          601    .ARM.Collect$$libinit$$00000002  c_w.l(libinit2.o)
    0x080001fc   0x00000000   Code   RO          603    .ARM.Collect$$libinit$$00000004  c_w.l(libinit2.o)
    0x080001fc   0x00000000   Code   RO          606    .ARM.Collect$$libinit$$0000000A  c_w.l(libinit2.o)
    0x080001fc   0x00000000   Code   RO          608    .ARM.Collect$$libinit$$0000000C  c_w.l(libinit2.o)
    0x080001fc   0x00000000   Code   RO          610    .ARM.Collect$$libinit$$0000000E  c_w.l(libinit2.o)
    0x080001fc   0x00000000   Code   RO          613    .ARM.Collect$$libinit$$00000011  c_w.l(libinit2.o)
    0x080001fc   0x00000000   Code   RO          615    .ARM.Collect$$libinit$$00000013  c_w.l(libinit2.o)
    0x080001fc   0x00000000   Code   RO          617    .ARM.Collect$$libinit$$00000015  c_w.l(libinit2.o)
    0x080001fc   0x00000000   Code   RO          619    .ARM.Collect$$libinit$$00000017  c_w.l(libinit2.o)
    0x080001fc   0x00000000   Code   RO          621    .ARM.Collect$$libinit$$00000019  c_w.l(libinit2.o)
    0x080001fc   0x00000000   Code   RO          623    .ARM.Collect$$libinit$$0000001B  c_w.l(libinit2.o)
    0x080001fc   0x00000000   Code   RO          625    .ARM.Collect$$libinit$$0000001D  c_w.l(libinit2.o)
    0x080001fc   0x00000000   Code   RO          627    .ARM.Collect$$libinit$$0000001F  c_w.l(libinit2.o)
    0x080001fc   0x00000000   Code   RO          629    .ARM.Collect$$libinit$$00000021  c_w.l(libinit2.o)
    0x080001fc   0x00000000   Code   RO          631    .ARM.Collect$$libinit$$00000023  c_w.l(libinit2.o)
    0x080001fc   0x00000000   Code   RO          633    .ARM.Collect$$libinit$$00000025  c_w.l(libinit2.o)
    0x080001fc   0x00000000   Code   RO          637    .ARM.Collect$$libinit$$0000002C  c_w.l(libinit2.o)
    0x080001fc   0x00000000   Code   RO          639    .ARM.Collect$$libinit$$0000002E  c_w.l(libinit2.o)
    0x080001fc   0x00000000   Code   RO          641    .ARM.Collect$$libinit$$00000030  c_w.l(libinit2.o)
    0x080001fc   0x00000000   Code   RO          643    .ARM.Collect$$libinit$$00000032  c_w.l(libinit2.o)
    0x080001fc   0x00000002   Code   RO          644    .ARM.Collect$$libinit$$00000033  c_w.l(libinit2.o)
    0x080001fe   0x00000002   Code   RO          662    .ARM.Collect$$libshutdown$$00000000  c_w.l(libshutdown.o)
    0x08000200   0x00000000   Code   RO          672    .ARM.Collect$$libshutdown$$00000002  c_w.l(libshutdown2.o)
    0x08000200   0x00000000   Code   RO          674    .ARM.Collect$$libshutdown$$00000004  c_w.l(libshutdown2.o)
    0x08000200   0x00000000   Code   RO          677    .ARM.Collect$$libshutdown$$00000007  c_w.l(libshutdown2.o)
    0x08000200   0x00000000   Code   RO          680    .ARM.Collect$$libshutdown$$0000000A  c_w.l(libshutdown2.o)
    0x08000200   0x00000000   Code   RO          682    .ARM.Collect$$libshutdown$$0000000C  c_w.l(libshutdown2.o)
    0x08000200   0x00000000   Code   RO          685    .ARM.Collect$$libshutdown$$0000000F  c_w.l(libshutdown2.o)
    0x08000200   0x00000002   Code   RO          686    .ARM.Collect$$libshutdown$$00000010  c_w.l(libshutdown2.o)
    0x08000202   0x00000000   Code   RO          552    .ARM.Collect$$rtentry$$00000000  c_w.l(__rtentry.o)
    0x08000202   0x00000000   Code   RO          565    .ARM.Collect$$rtentry$$00000002  c_w.l(__rtentry2.o)
    0x08000202   0x00000006   Code   RO          577    .ARM.Collect$$rtentry$$00000004  c_w.l(__rtentry4.o)
    0x08000208   0x00000000   Code   RO          567    .ARM.Collect$$rtentry$$00000009  c_w.l(__rtentry2.o)
    0x08000208   0x00000004   Code   RO          568    .ARM.Collect$$rtentry$$0000000A  c_w.l(__rtentry2.o)
    0x0800020c   0x00000000   Code   RO          570    .ARM.Collect$$rtentry$$0000000C  c_w.l(__rtentry2.o)
    0x0800020c   0x00000008   Code   RO          571    .ARM.Collect$$rtentry$$0000000D  c_w.l(__rtentry2.o)
    0x08000214   0x00000002   Code   RO          598    .ARM.Collect$$rtexit$$00000000  c_w.l(rtexit.o)
    0x08000216   0x00000000   Code   RO          646    .ARM.Collect$$rtexit$$00000002  c_w.l(rtexit2.o)
    0x08000216   0x00000004   Code   RO          647    .ARM.Collect$$rtexit$$00000003  c_w.l(rtexit2.o)
    0x0800021a   0x00000006   Code   RO          648    .ARM.Collect$$rtexit$$00000004  c_w.l(rtexit2.o)
    0x08000220   0x00000510   Code   RO            1    .text               main.o
    0x08000730   0x000000a8   Code   RO          108    .text               stm32f10x_it.o
    0x080007d8   0x000001e0   Code   RO          144    .text               system_stm32f10x.o
    0x080009b8   0x000004c2   Code   RO          162    .text               oled.o
    0x08000e7a   0x00000002   PAD
    0x08000e7c   0x000000d4   Code   RO          181    .text               delay.o
    0x08000f50   0x00000028   Code   RO          195    .text               sys.o
    0x08000f78   0x00000194   Code   RO          207    .text               usart.o
    0x0800110c   0x00000040   Code   RO          244    .text               startup_stm32f10x_hd.o
    0x0800114c   0x000000dc   Code   RO          248    .text               misc.o
    0x08001228   0x0000035c   Code   RO          260    .text               stm32f10x_gpio.o
    0x08001584   0x000003a4   Code   RO          272    .text               stm32f10x_rcc.o
    0x08001928   0x00000408   Code   RO          286    .text               stm32f10x_usart.o
    0x08001d30   0x0000030c   Code   RO          298    .text               stm32f10x_spi.o
    0x0800203c   0x00000e1a   Code   RO          385    .text               stm32f10x_tim.o
    0x08002e56   0x00000002   PAD
    0x08002e58   0x0000013c   Code   RO          397    .text               diskio.o
    0x08002f94   0x000023c4   Code   RO          425    .text               ff.o
    0x08005358   0x00000798   Code   RO          465    .text               spi_sd_driver.o
    0x08005af0   0x00000002   Code   RO          500    .text               c_w.l(use_no_semi_2.o)
    0x08005af2   0x00000002   PAD
    0x08005af4   0x00000018   Code   RO          506    .text               c_w.l(noretval__2printf.o)
    0x08005b0c   0x00000028   Code   RO          508    .text               c_w.l(noretval__2sprintf.o)
    0x08005b34   0x00000052   Code   RO          514    .text               c_w.l(_printf_str.o)
    0x08005b86   0x00000002   PAD
    0x08005b88   0x00000078   Code   RO          516    .text               c_w.l(_printf_dec.o)
    0x08005c00   0x0000010e   Code   RO          526    .text               c_w.l(__printf_wp.o)
    0x08005d0e   0x0000003e   Code   RO          544    .text               c_w.l(strlen.o)
    0x08005d4c   0x00000006   Code   RO          546    .text               c_w.l(heapauxi.o)
    0x08005d52   0x00000002   Code   RO          550    .text               c_w.l(use_no_semi.o)
    0x08005d54   0x000000b2   Code   RO          553    .text               c_w.l(_printf_intcommon.o)
    0x08005e06   0x00000002   PAD
    0x08005e08   0x00000030   Code   RO          555    .text               c_w.l(_printf_char_common.o)
    0x08005e38   0x0000000a   Code   RO          557    .text               c_w.l(_sputc.o)
    0x08005e42   0x0000002c   Code   RO          559    .text               c_w.l(_printf_char.o)
    0x08005e6e   0x00000002   PAD
    0x08005e70   0x00000024   Code   RO          561    .text               c_w.l(_printf_char_file.o)
    0x08005e94   0x00000008   Code   RO          581    .text               c_w.l(ferror.o)
    0x08005e9c   0x0000004a   Code   RO          585    .text               c_w.l(sys_stackheap_outer.o)
    0x08005ee6   0x00000012   Code   RO          587    .text               c_w.l(exit.o)
    0x08005ef8   0x00000008   Code   RO          595    .text               c_w.l(libspace.o)
    0x08005f00   0x0000000e   Code   RO          528    i._is_digit         c_w.l(__printf_wp.o)
    0x08005f0e   0x00000818   Data   RO          163    .constdata          oled.o
    0x08006726   0x0000002c   Data   RO          426    .constdata          ff.o
    0x08006752   0x00000002   PAD
    0x08006754   0x00000020   Data   RO          718    Region$$Table       anon$$obj.o


    Execution Region RW_IRAM1 (Base: 0x20000000, Size: 0x00002238, Max: 0x00005000, ABSOLUTE, COMPRESSED[0x00000368])

    Base Addr    Size         Type   Attr      Idx    E Section Name        Object

    0x20000000   0x00000cb4   Data   RW            3    .data               main.o
    0x20000cb4   0x0000000c   Data   RW          109    .data               stm32f10x_it.o
    0x20000cc0   0x00000014   Data   RW          145    .data               system_stm32f10x.o
    0x20000cd4   0x000001c0   Data   RW          164    .data               oled.o
    0x20000e94   0x00000004   Data   RW          182    .data               delay.o
    0x20000e98   0x00000006   Data   RW          209    .data               usart.o
    0x20000e9e   0x00000014   Data   RW          273    .data               stm32f10x_rcc.o
    0x20000eb2   0x00000002   PAD
    0x20000eb4   0x00000006   Data   RW          427    .data               ff.o
    0x20000eba   0x00000001   Data   RW          466    .data               spi_sd_driver.o
    0x20000ebb   0x00000001   PAD
    0x20000ebc   0x00000c54   Zero   RW            2    .bss                main.o
    0x20001b10   0x000000c8   Zero   RW          208    .bss                usart.o
    0x20001bd8   0x00000060   Zero   RW          596    .bss                c_w.l(libspace.o)
    0x20001c38   0x00000200   Zero   RW          242    HEAP                startup_stm32f10x_hd.o
    0x20001e38   0x00000400   Zero   RW          241    STACK               startup_stm32f10x_hd.o


==============================================================================

Image component sizes


      Code (inc. data)   RO Data    RW Data    ZI Data      Debug   Object Name

         0          0          0          0          0         32   core_cm3.o
       212         18          0          4          0       1043   delay.o
       316          4          0          0          0       4102   diskio.o
      9156        114         44          6          0      26023   ff.o
      1296        422          0       3252       3156     258109   main.o
       220         22          0          0          0       1805   misc.o
      1218         16       2072        448          0       4905   oled.o
      1944         20          0          1          0       6782   spi_sd_driver.o
        64         26        304          0       1536        800   startup_stm32f10x_hd.o
       860         38          0          0          0       5737   stm32f10x_gpio.o
       168         28          0         12          0       1670   stm32f10x_it.o
       932         36          0         20          0       8920   stm32f10x_rcc.o
       780         14          0          0          0      13538   stm32f10x_spi.o
      3610         88          0          0          0      22848   stm32f10x_tim.o
      1032         22          0          0          0       8464   stm32f10x_usart.o
        40          0          0          0          0        501   sys.o
       480         38          0         20          0       1743   system_stm32f10x.o
       404         22          0          6        200       3491   usart.o

    ----------------------------------------------------------------------
     22736        928       2454       3772       4892     370513   Object Totals
         0          0         32          0          0          0   (incl. Generated)
         4          0          2          3          0          0   (incl. Padding)

    ----------------------------------------------------------------------

      Code (inc. data)   RO Data    RW Data    ZI Data      Debug   Library Member Name

        90          0          0          0          0          0   __dczerorl2.o
         8          0          0          0          0         68   __main.o
       284          0          0          0          0        156   __printf_wp.o
         0          0          0          0          0          0   __rtentry.o
        12          0          0          0          0          0   __rtentry2.o
         6          0          0          0          0          0   __rtentry4.o
        52          8          0          0          0          0   __scatter.o
        28          0          0          0          0          0   __scatter_zi.o
         6          0          0          0          0          0   _printf_c.o
        44          0          0          0          0        108   _printf_char.o
        48          6          0          0          0         96   _printf_char_common.o
        36          4          0          0          0         80   _printf_char_file.o
         6          0          0          0          0          0   _printf_d.o
       120         16          0          0          0         92   _printf_dec.o
       178          0          0          0          0         88   _printf_intcommon.o
         0          0          0          0          0          0   _printf_percent.o
         4          0          0          0          0          0   _printf_percent_end.o
         6          0          0          0          0          0   _printf_s.o
        82          0          0          0          0         80   _printf_str.o
        10          0          0          0          0         68   _sputc.o
        18          0          0          0          0         80   exit.o
         8          0          0          0          0         68   ferror.o
         6          0          0          0          0        152   heapauxi.o
         2          0          0          0          0          0   libinit.o
         2          0          0          0          0          0   libinit2.o
         2          0          0          0          0          0   libshutdown.o
         2          0          0          0          0          0   libshutdown2.o
         8          4          0          0         96         68   libspace.o
        24          4          0          0          0         84   noretval__2printf.o
        40          6          0          0          0         84   noretval__2sprintf.o
         2          0          0          0          0          0   rtexit.o
        10          0          0          0          0          0   rtexit2.o
        62          0          0          0          0         76   strlen.o
        74          0          0          0          0         80   sys_stackheap_outer.o
         2          0          0          0          0         68   use_no_semi.o
         2          0          0          0          0         68   use_no_semi_2.o

    ----------------------------------------------------------------------
      1294         48          0          0         96       1664   Library Totals
        10          0          0          0          0          0   (incl. Padding)

    ----------------------------------------------------------------------

      Code (inc. data)   RO Data    RW Data    ZI Data      Debug   Library Name

      1284         48          0          0         96       1664   c_w.l

    ----------------------------------------------------------------------
      1294         48          0          0         96       1664   Library Totals

    ----------------------------------------------------------------------

==============================================================================


      Code (inc. data)   RO Data    RW Data    ZI Data      Debug   

     24030        976       2454       3772       4988     369937   Grand Totals
     24030        976       2454        872       4988     369937   ELF Image Totals (compressed)
     24030        976       2454        872          0          0   ROM Totals

==============================================================================

    Total RO  Size (Code + RO Data)                26484 (  25.86kB)
    Total RW  Size (RW Data + ZI Data)              8760 (   8.55kB)
    Total ROM Size (Code + RO Data + RW Data)      27356 (  26.71kB)

==============================================================================

